Archive member included to satisfy reference by file (symbol)

D:/STM32Cube/STM32CubeCLT_1.16.0/GNU-tools-for-STM32/bin/../lib/gcc/arm-none-eabi/12.3.1/thumb/v7e-m/nofp\libgcc.a(_arm_muldf3.o)
                              CMakeFiles/PTZ_.elf.dir/Core/Src/motor.cpp.obj (__aeabi_dmul)
D:/STM32Cube/STM32CubeCLT_1.16.0/GNU-tools-for-STM32/bin/../lib/gcc/arm-none-eabi/12.3.1/thumb/v7e-m/nofp\libgcc.a(_arm_mulsf3.o)
                              CMakeFiles/PTZ_.elf.dir/Core/Src/PID.cpp.obj (__aeabi_fmul)
D:/STM32Cube/STM32CubeCLT_1.16.0/GNU-tools-for-STM32/bin/../lib/gcc/arm-none-eabi/12.3.1/thumb/v7e-m/nofp\libgcc.a(_arm_addsubdf3.o)
                              CMakeFiles/PTZ_.elf.dir/Core/Src/motor.cpp.obj (__aeabi_dsub)
D:/STM32Cube/STM32CubeCLT_1.16.0/GNU-tools-for-STM32/bin/../lib/gcc/arm-none-eabi/12.3.1/thumb/v7e-m/nofp\libgcc.a(_arm_muldivdf3.o)
                              CMakeFiles/PTZ_.elf.dir/Core/Src/motor.cpp.obj (__aeabi_ddiv)
D:/STM32Cube/STM32CubeCLT_1.16.0/GNU-tools-for-STM32/bin/../lib/gcc/arm-none-eabi/12.3.1/thumb/v7e-m/nofp\libgcc.a(_arm_truncdfsf2.o)
                              CMakeFiles/PTZ_.elf.dir/Core/Src/motor.cpp.obj (__aeabi_d2f)
D:/STM32Cube/STM32CubeCLT_1.16.0/GNU-tools-for-STM32/bin/../lib/gcc/arm-none-eabi/12.3.1/thumb/v7e-m/nofp\libgcc.a(_arm_addsubsf3.o)
                              CMakeFiles/PTZ_.elf.dir/Core/Src/PID.cpp.obj (__aeabi_fsub)
D:/STM32Cube/STM32CubeCLT_1.16.0/GNU-tools-for-STM32/bin/../lib/gcc/arm-none-eabi/12.3.1/thumb/v7e-m/nofp\libgcc.a(_arm_muldivsf3.o)
                              CMakeFiles/PTZ_.elf.dir/Core/Src/RC.cpp.obj (__aeabi_fdiv)
D:/STM32Cube/STM32CubeCLT_1.16.0/GNU-tools-for-STM32/bin/../lib/gcc/arm-none-eabi/12.3.1/thumb/v7e-m/nofp\libgcc.a(_arm_cmpsf2.o)
                              CMakeFiles/PTZ_.elf.dir/Core/Src/motor.cpp.obj (__aeabi_fcmpeq)
D:/STM32Cube/STM32CubeCLT_1.16.0/GNU-tools-for-STM32/bin/../lib/gcc/arm-none-eabi/12.3.1/thumb/v7e-m/nofp\libgcc.a(_arm_fixsfsi.o)
                              CMakeFiles/PTZ_.elf.dir/Core/Src/motor.cpp.obj (__aeabi_f2iz)
D:/STM32Cube/STM32CubeCLT_1.16.0/GNU-tools-for-STM32/bin/../lib/gcc/arm-none-eabi/12.3.1/thumb/v7e-m/nofp\libgcc.a(_aeabi_uldivmod.o)
                              CMakeFiles/PTZ_.elf.dir/Drivers/STM32F4xx_HAL_Driver/Src/stm32f4xx_hal_rcc.c.obj (__aeabi_uldivmod)
D:/STM32Cube/STM32CubeCLT_1.16.0/GNU-tools-for-STM32/bin/../lib/gcc/arm-none-eabi/12.3.1/thumb/v7e-m/nofp\libgcc.a(_udivmoddi4.o)
                              D:/STM32Cube/STM32CubeCLT_1.16.0/GNU-tools-for-STM32/bin/../lib/gcc/arm-none-eabi/12.3.1/thumb/v7e-m/nofp\libgcc.a(_aeabi_uldivmod.o) (__udivmoddi4)
D:/STM32Cube/STM32CubeCLT_1.16.0/GNU-tools-for-STM32/bin/../lib/gcc/arm-none-eabi/12.3.1/thumb/v7e-m/nofp\libgcc.a(unwind-arm.o)
                              CMakeFiles/PTZ_.elf.dir/Core/Src/PID.cpp.obj (__aeabi_unwind_cpp_pr0)
D:/STM32Cube/STM32CubeCLT_1.16.0/GNU-tools-for-STM32/bin/../lib/gcc/arm-none-eabi/12.3.1/thumb/v7e-m/nofp\libgcc.a(libunwind.o)
                              D:/STM32Cube/STM32CubeCLT_1.16.0/GNU-tools-for-STM32/bin/../lib/gcc/arm-none-eabi/12.3.1/thumb/v7e-m/nofp\libgcc.a(unwind-arm.o) (restore_core_regs)
D:/STM32Cube/STM32CubeCLT_1.16.0/GNU-tools-for-STM32/bin/../lib/gcc/arm-none-eabi/12.3.1/thumb/v7e-m/nofp\libgcc.a(pr-support.o)
                              D:/STM32Cube/STM32CubeCLT_1.16.0/GNU-tools-for-STM32/bin/../lib/gcc/arm-none-eabi/12.3.1/thumb/v7e-m/nofp\libgcc.a(unwind-arm.o) (__gnu_unwind_execute)
D:/STM32Cube/STM32CubeCLT_1.16.0/GNU-tools-for-STM32/bin/../lib/gcc/arm-none-eabi/12.3.1/thumb/v7e-m/nofp\libgcc.a(_dvmd_tls.o)
                              D:/STM32Cube/STM32CubeCLT_1.16.0/GNU-tools-for-STM32/bin/../lib/gcc/arm-none-eabi/12.3.1/thumb/v7e-m/nofp\libgcc.a(_aeabi_uldivmod.o) (__aeabi_ldiv0)
D:/STM32Cube/STM32CubeCLT_1.16.0/GNU-tools-for-STM32/bin/../lib/gcc/arm-none-eabi/12.3.1/../../../../arm-none-eabi/lib/thumb/v7e-m/nofp\libg.a(libc_a-abort.o)
                              D:/STM32Cube/STM32CubeCLT_1.16.0/GNU-tools-for-STM32/bin/../lib/gcc/arm-none-eabi/12.3.1/thumb/v7e-m/nofp\libgcc.a(unwind-arm.o) (abort)
D:/STM32Cube/STM32CubeCLT_1.16.0/GNU-tools-for-STM32/bin/../lib/gcc/arm-none-eabi/12.3.1/../../../../arm-none-eabi/lib/thumb/v7e-m/nofp\libg.a(libc_a-exit.o)
                              D:/STM32Cube/STM32CubeCLT_1.16.0/GNU-tools-for-STM32/bin/../lib/gcc/arm-none-eabi/12.3.1/../../../../arm-none-eabi/lib/thumb/v7e-m/nofp/crt0.o (exit)
D:/STM32Cube/STM32CubeCLT_1.16.0/GNU-tools-for-STM32/bin/../lib/gcc/arm-none-eabi/12.3.1/../../../../arm-none-eabi/lib/thumb/v7e-m/nofp\libg.a(libc_a-findfp.o)
                              D:/STM32Cube/STM32CubeCLT_1.16.0/GNU-tools-for-STM32/bin/../lib/gcc/arm-none-eabi/12.3.1/../../../../arm-none-eabi/lib/thumb/v7e-m/nofp\libg.a(libc_a-exit.o) (__stdio_exit_handler)
D:/STM32Cube/STM32CubeCLT_1.16.0/GNU-tools-for-STM32/bin/../lib/gcc/arm-none-eabi/12.3.1/../../../../arm-none-eabi/lib/thumb/v7e-m/nofp\libg.a(libc_a-fwalk.o)
[...]
Memory Configuration

Name             Origin             Length             Attributes
CCMRAM           0x10000000         0x00010000         xrw
RAM              0x20000000         0x00020000         xrw
FLASH            0x08000000         0x00100000         xr
*default*        0x00000000         0xffffffff

Linker script and memory map

LOAD D:/STM32Cube/STM32CubeCLT_1.16.0/GNU-tools-for-STM32/bin/../lib/gcc/arm-none-eabi/12.3.1/thumb/v7e-m/nofp/crti.o
LOAD D:/STM32Cube/STM32CubeCLT_1.16.0/GNU-tools-for-STM32/bin/../lib/gcc/arm-none-eabi/12.3.1/thumb/v7e-m/nofp/crtbegin.o
LOAD D:/STM32Cube/STM32CubeCLT_1.16.0/GNU-tools-for-STM32/bin/../lib/gcc/arm-none-eabi/12.3.1/../../../../arm-none-eabi/lib/thumb/v7e-m/nofp/crt0.o
LOAD CMakeFiles/PTZ_.elf.dir/Core/Src/PID.cpp.obj
LOAD CMakeFiles/PTZ_.elf.dir/Core/Src/RC.cpp.obj
LOAD CMakeFiles/PTZ_.elf.dir/Core/Src/can.c.obj
LOAD CMakeFiles/PTZ_.elf.dir/Core/Src/controller.cpp.obj
LOAD CMakeFiles/PTZ_.elf.dir/Core/Src/dma.c.obj
LOAD CMakeFiles/PTZ_.elf.dir/Core/Src/gpio.c.obj
LOAD CMakeFiles/PTZ_.elf.dir/Core/Src/iwdg.c.obj
LOAD CMakeFiles/PTZ_.elf.dir/Core/Src/main.c.obj
LOAD CMakeFiles/PTZ_.elf.dir/Core/Src/main.cpp.obj
LOAD CMakeFiles/PTZ_.elf.dir/Core/Src/motor.cpp.obj
LOAD CMakeFiles/PTZ_.elf.dir/Core/Src/stm32f4xx_hal_msp.c.obj
LOAD CMakeFiles/PTZ_.elf.dir/Core/Src/stm32f4xx_it.c.obj
LOAD CMakeFiles/PTZ_.elf.dir/Core/Src/syscalls.c.obj
LOAD CMakeFiles/PTZ_.elf.dir/Core/Src/sysmem.c.obj
LOAD CMakeFiles/PTZ_.elf.dir/Core/Src/system_stm32f4xx.c.obj
LOAD CMakeFiles/PTZ_.elf.dir/Core/Src/tim.c.obj
LOAD CMakeFiles/PTZ_.elf.dir/Core/Src/tool.cpp.obj
LOAD CMakeFiles/PTZ_.elf.dir/Core/Src/usart.c.obj
LOAD CMakeFiles/PTZ_.elf.dir/Core/Startup/startup_stm32f407ighx.s.obj
LOAD CMakeFiles/PTZ_.elf.dir/Drivers/STM32F4xx_HAL_Driver/Src/stm32f4xx_hal.c.obj
LOAD CMakeFiles/PTZ_.elf.dir/Drivers/STM32F4xx_HAL_Driver/Src/stm32f4xx_hal_can.c.obj
LOAD CMakeFiles/PTZ_.elf.dir/Drivers/STM32F4xx_HAL_Driver/Src/stm32f4xx_hal_cortex.c.obj
LOAD CMakeFiles/PTZ_.elf.dir/Drivers/STM32F4xx_HAL_Driver/Src/stm32f4xx_hal_dma.c.obj
LOAD CMakeFiles/PTZ_.elf.dir/Drivers/STM32F4xx_HAL_Driver/Src/stm32f4xx_hal_dma_ex.c.obj
LOAD CMakeFiles/PTZ_.elf.dir/Drivers/STM32F4xx_HAL_Driver/Src/stm32f4xx_hal_exti.c.obj
LOAD CMakeFiles/PTZ_.elf.dir/Drivers/STM32F4xx_HAL_Driver/Src/stm32f4xx_hal_flash.c.obj
LOAD CMakeFiles/PTZ_.elf.dir/Drivers/STM32F4xx_HAL_Driver/Src/stm32f4xx_hal_flash_ex.c.obj
LOAD CMakeFiles/PTZ_.elf.dir/Drivers/STM32F4xx_HAL_Driver/Src/stm32f4xx_hal_flash_ramfunc.c.obj
LOAD CMakeFiles/PTZ_.elf.dir/Drivers/STM32F4xx_HAL_Driver/Src/stm32f4xx_hal_gpio.c.obj
LOAD CMakeFiles/PTZ_.elf.dir/Drivers/STM32F4xx_HAL_Driver/Src/stm32f4xx_hal_iwdg.c.obj
LOAD CMakeFiles/PTZ_.elf.dir/Drivers/STM32F4xx_HAL_Driver/Src/stm32f4xx_hal_pwr.c.obj
LOAD CMakeFiles/PTZ_.elf.dir/Drivers/STM32F4xx_HAL_Driver/Src/stm32f4xx_hal_pwr_ex.c.obj
LOAD CMakeFiles/PTZ_.elf.dir/Drivers/STM32F4xx_HAL_Driver/Src/stm32f4xx_hal_rcc.c.obj
LOAD CMakeFiles/PTZ_.elf.dir/Drivers/STM32F4xx_HAL_Driver/Src/stm32f4xx_hal_rcc_ex.c.obj
LOAD CMakeFiles/PTZ_.elf.dir/Drivers/STM32F4xx_HAL_Driver/Src/stm32f4xx_hal_tim.c.obj
LOAD CMakeFiles/PTZ_.elf.dir/Drivers/STM32F4xx_HAL_Driver/Src/stm32f4xx_hal_tim_ex.c.obj
LOAD CMakeFiles/PTZ_.elf.dir/Drivers/STM32F4xx_HAL_Driver/Src/stm32f4xx_hal_uart.c.obj
LOAD D:/STM32Cube/STM32CubeCLT_1.16.0/GNU-tools-for-STM32/bin/../lib/gcc/arm-none-eabi/12.3.1/../../../../arm-none-eabi/lib/thumb/v7e-m/nofp\libstdc++.a
LOAD D:/STM32Cube/STM32CubeCLT_1.16.0/GNU-tools-for-STM32/bin/../lib/gcc/arm-none-eabi/12.3.1/../../../../arm-none-eabi/lib/thumb/v7e-m/nofp\libm.a
START GROUP
LOAD D:/STM32Cube/STM32CubeCLT_1.16.0/GNU-tools-for-STM32/bin/../lib/gcc/arm-none-eabi/12.3.1/thumb/v7e-m/nofp\libgcc.a
LOAD D:/STM32Cube/STM32CubeCLT_1.16.0/GNU-tools-for-STM32/bin/../lib/gcc/arm-none-eabi/12.3.1/../../../../arm-none-eabi/lib/thumb/v7e-m/nofp\libg.a
LOAD D:/STM32Cube/STM32CubeCLT_1.16.0/GNU-tools-for-STM32/bin/../lib/gcc/arm-none-eabi/12.3.1/../../../../arm-none-eabi/lib/thumb/v7e-m/nofp\libc.a
END GROUP
LOAD D:/STM32Cube/STM32CubeCLT_1.16.0/GNU-tools-for-STM32/bin/../lib/gcc/arm-none-eabi/12.3.1/thumb/v7e-m/nofp/crtend.o
LOAD D:/STM32Cube/STM32CubeCLT_1.16.0/GNU-tools-for-STM32/bin/../lib/gcc/arm-none-eabi/12.3.1/thumb/v7e-m/nofp/crtn.o
                0x20020000                        _estack = (ORIGIN (RAM) + LENGTH (RAM))
                0x00000200                        _Min_Heap_Size = 0x200
                0x00000400                        _Min_Stack_Size = 0x400

.isr_vector     0x08000000      0x188
                0x08000000                        . = ALIGN (0x4)
 *(.isr_vector)
 .isr_vector    0x08000000      0x188 CMakeFiles/PTZ_.elf.dir/Core/Startup/startup_stm32f407ighx.s.obj
                0x08000000                g_pfnVectors
                0x08000188                        . = ALIGN (0x4)

.text           0x08000188     0x4f34
                0x08000188                        . = ALIGN (0x4)
 *(.text)
 .text          0x08000188       0x40 D:/STM32Cube/STM32CubeCLT_1.16.0/GNU-tools-for-STM32/bin/../lib/gcc/arm-none-eabi/12.3.1/thumb/v7e-m/nofp/crtbegin.o
 .text          0x080001c8      0x378 D:/STM32Cube/STM32CubeCLT_1.16.0/GNU-tools-for-STM32/bin/../lib/gcc/arm-none-eabi/12.3.1/thumb/v7e-m/nofp\libgcc.a(_arm_addsubdf3.o)
                0x080001c8                __aeabi_drsub
                0x080001d0                __aeabi_dsub
                0x080001d0                __subdf3
                0x080001d4                __aeabi_dadd
                0x080001d4                __adddf3
                0x0800044c                __floatunsidf
                0x0800044c                __aeabi_ui2d
                0x0800046c                __floatsidf
                0x0800046c                __aeabi_i2d
                0x08000490                __aeabi_f2d
                0x08000490                __extendsfdf2
                0x080004d4                __floatundidf
                0x080004d4                __aeabi_ul2d
                0x080004e4                __floatdidf
                0x080004e4                __aeabi_l2d
 .text          0x08000540      0x424 D:/STM32Cube/STM32CubeCLT_1.16.0/GNU-tools-for-STM32/bin/../lib/gcc/arm-none-eabi/12.3.1/thumb/v7e-m/nofp\libgcc.a(_arm_muldivdf3.o)
                0x08000540                __aeabi_dmul
                0x08000540                __muldf3
                0x08000794                __divdf3
                0x08000794                __aeabi_ddiv
 .text          0x08000964       0xa0 D:/STM32Cube/STM32CubeCLT_1.16.0/GNU-tools-for-STM32/bin/../lib/gcc/arm-none-eabi/12.3.1/thumb/v7e-m/nofp\libgcc.a(_arm_truncdfsf2.o)
                0x08000964                __truncdfsf2
                0x08000964                __aeabi_d2f
 .text          0x08000a04      0x21c D:/STM32Cube/STM32CubeCLT_1.16.0/GNU-tools-for-STM32/bin/../lib/gcc/arm-none-eabi/12.3.1/thumb/v7e-m/nofp\libgcc.a(_arm_addsubsf3.o)
                0x08000a04                __aeabi_frsub
                0x08000a0c                __subsf3
                0x08000a0c                __aeabi_fsub
                0x08000a10                __aeabi_fadd
                0x08000a10                __addsf3
                0x08000b70                __aeabi_ui2f
                0x08000b70                __floatunsisf
                0x08000b78                __aeabi_i2f
                0x08000b78                __floatsisf
                0x08000b94                __aeabi_ul2f
                0x08000b94                __floatundisf
                0x08000ba4                __aeabi_l2f
                0x08000ba4                __floatdisf
 .text          0x08000c20      0x2a0 D:/STM32Cube/STM32CubeCLT_1.16.0/GNU-tools-for-STM32/bin/../lib/gcc/arm-none-eabi/12.3.1/thumb/v7e-m/nofp\libgcc.a(_arm_muldivsf3.o)
                0x08000c20                __mulsf3
                0x08000c20                __aeabi_fmul
                0x08000d88                __aeabi_fdiv
                0x08000d88                __divsf3
 .text          0x08000ec0       0xec D:/STM32Cube/STM32CubeCLT_1.16.0/GNU-tools-for-STM32/bin/../lib/gcc/arm-none-eabi/12.3.1/thumb/v7e-m/nofp\libgcc.a(_arm_cmpsf2.o)
                0x08000ec0                __gesf2
                0x08000ec0                __gtsf2
                0x08000ec8                __lesf2
                0x08000ec8                __ltsf2
                0x08000ed0                __nesf2
                0x08000ed0                __eqsf2
                0x08000ed0                __cmpsf2
                0x08000f30                __aeabi_cfrcmple
                0x08000f38                __aeabi_cfcmpeq
                0x08000f38                __aeabi_cfcmple
                0x08000f48                __aeabi_fcmpeq
                0x08000f5c                __aeabi_fcmplt
                0x08000f70                __aeabi_fcmple
                0x08000f84                __aeabi_fcmpge
                0x08000f98                __aeabi_fcmpgt
 .text          0x08000fac       0x4c D:/STM32Cube/STM32CubeCLT_1.16.0/GNU-tools-for-STM32/bin/../lib/gcc/arm-none-eabi/12.3.1/thumb/v7e-m/nofp\libgcc.a(_arm_fixsfsi.o)
                0x08000fac                __aeabi_f2iz
                0x08000fac                __fixsfsi
 .text          0x08000ff8       0x30 D:/STM32Cube/STM32CubeCLT_1.16.0/GNU-tools-for-STM32/bin/../lib/gcc/arm-none-eabi/12.3.1/thumb/v7e-m/nofp\libgcc.a(_aeabi_uldivmod.o)
                0x08000ff8                __aeabi_uldivmod
 .text          0x08001028      0x2bc D:/STM32Cube/STM32CubeCLT_1.16.0/GNU-tools-for-STM32/bin/../lib/gcc/arm-none-eabi/12.3.1/thumb/v7e-m/nofp\libgcc.a(_udivmoddi4.o)
                0x08001028                __udivmoddi4
 .text          0x080012e4      0x9f4 D:/STM32Cube/STM32CubeCLT_1.16.0/GNU-tools-for-STM32/bin/../lib/gcc/arm-none-eabi/12.3.1/thumb/v7e-m/nofp\libgcc.a(unwind-arm.o)
                0x08001594                _Unwind_GetCFA
                0x08001598                __gnu_Unwind_RaiseException
                0x08001600                __gnu_Unwind_ForcedUnwind
                0x08001610                __gnu_Unwind_Resume
                0x08001654                __gnu_Unwind_Resume_or_Rethrow
                0x08001664                _Unwind_Complete
                0x08001668                _Unwind_DeleteException
                0x08001674                _Unwind_VRS_Get
                0x080016c0                _Unwind_VRS_Set
                0x08001708                __gnu_Unwind_Backtrace
                0x08001a24                __aeabi_unwind_cpp_pr0
                0x08001a28                __aeabi_unwind_cpp_pr1
                0x08001a2c                __aeabi_unwind_cpp_pr2
                0x08001a30                _Unwind_VRS_Pop
 .text          0x08001cd8      0x1ac D:/STM32Cube/STM32CubeCLT_1.16.0/GNU-tools-for-STM32/bin/../lib/gcc/arm-none-eabi/12.3.1/thumb/v7e-m/nofp\libgcc.a(libunwind.o)
                0x08001cd8                __restore_core_regs
                0x08001cd8                restore_core_regs
                0x08001cf0                __gnu_Unwind_Restore_VFP
                0x08001cf8                __gnu_Unwind_Save_VFP
                0x08001d00                __gnu_Unwind_Restore_VFP_D
                0x08001d08                __gnu_Unwind_Save_VFP_D
                0x08001d10                __gnu_Unwind_Restore_VFP_D_16_to_31
                0x08001d18                __gnu_Unwind_Save_VFP_D_16_to_31
                0x08001d20                __gnu_Unwind_Restore_WMMXD
                0x08001d64                __gnu_Unwind_Save_WMMXD
                0x08001da8                __gnu_Unwind_Restore_WMMXC
                0x08001dbc                __gnu_Unwind_Save_WMMXC
                0x08001dd0                ___Unwind_RaiseException
                0x08001dd0                _Unwind_RaiseException
                0x08001df4                _Unwind_Resume
                0x08001df4                ___Unwind_Resume
                0x08001e18                _Unwind_Resume_or_Rethrow
                0x08001e18                ___Unwind_Resume_or_Rethrow
                0x08001e3c                _Unwind_ForcedUnwind
                0x08001e3c                ___Unwind_ForcedUnwind
                0x08001e60                ___Unwind_Backtrace
                0x08001e60                _Unwind_Backtrace
 .text          0x08001e84      0x378 D:/STM32Cube/STM32CubeCLT_1.16.0/GNU-tools-for-STM32/bin/../lib/gcc/arm-none-eabi/12.3.1/thumb/v7e-m/nofp\libgcc.a(pr-support.o)
                0x08001edc                __gnu_unwind_execute
                0x080021b0                __gnu_unwind_frame
                0x080021dc                _Unwind_GetRegionStart
                0x080021e8                _Unwind_GetLanguageSpecificData
 .text          0x080021fc        0x4 D:/STM32Cube/STM32CubeCLT_1.16.0/GNU-tools-for-STM32/bin/../lib/gcc/arm-none-eabi/12.3.1/thumb/v7e-m/nofp\libgcc.a(_dvmd_tls.o)
                0x080021fc                __aeabi_idiv0
                0x080021fc                __aeabi_ldiv0
 *(.text*)
 .text._ZN3PIDC2Efffff
                0x08002200       0x24 CMakeFiles/PTZ_.elf.dir/Core/Src/PID.cpp.obj
                0x08002200                PID::PID(float, float, float, float, float)
                0x08002200                PID::PID(float, float, float, float, float)
 .text._ZN3PID4calcEff
                0x08002224       0x7a CMakeFiles/PTZ_.elf.dir/Core/Src/PID.cpp.obj
                0x08002224                PID::calc(float, float)
 *fill*         0x0800229e        0x2 
 .text._ZN2RCC2Ev
                0x080022a0        0xc CMakeFiles/PTZ_.elf.dir/Core/Src/RC.cpp.obj
                0x080022a0                RC::RC()
                0x080022a0                RC::RC()
 .text._ZN2RC8ReadDbusEv
                0x080022ac       0x24 CMakeFiles/PTZ_.elf.dir/Core/Src/RC.cpp.obj
                0x080022ac                RC::ReadDbus()
 .text._Z9LinearMapIifET0_T_S1_S1_S0_S0_
                0x080022d0       0x46 CMakeFiles/PTZ_.elf.dir/Core/Src/RC.cpp.obj
                0x080022d0                float LinearMap<int, float>(int, int, int, float, float)
 .text._ZN2RC9ParseDbusEv
                0x08002316      0x100 CMakeFiles/PTZ_.elf.dir/Core/Src/RC.cpp.obj
                0x08002316                RC::ParseDbus()
 *fill*         0x08002416        0x2 
 .text.MX_CAN1_Init
                0x08002418       0x40 CMakeFiles/PTZ_.elf.dir/Core/Src/can.c.obj
                0x08002418                MX_CAN1_Init
 .text.HAL_CAN_MspInit
                0x08002458       0x7c CMakeFiles/PTZ_.elf.dir/Core/Src/can.c.obj
                0x08002458                HAL_CAN_MspInit
 .text._Z16PitchFeedForwardf
                0x080024d4       0x38 CMakeFiles/PTZ_.elf.dir/Core/Src/controller.cpp.obj
                0x080024d4                PitchFeedForward(float)
 .text._Z41__static_initialization_and_destruction_0ii
                0x0800250c       0x8c CMakeFiles/PTZ_.elf.dir/Core/Src/controller.cpp.obj
 .text._Z11MotorHandlev
                0x08002598       0x3c CMakeFiles/PTZ_.elf.dir/Core/Src/controller.cpp.obj
                0x08002598                MotorHandle()
 .text._Z8RCHandlev
                0x080025d4       0x20 CMakeFiles/PTZ_.elf.dir/Core/Src/controller.cpp.obj
                0x080025d4                RCHandle()
 .text._Z11ControlLoopv
                0x080025f4       0x18 CMakeFiles/PTZ_.elf.dir/Core/Src/controller.cpp.obj
                0x080025f4                ControlLoop()
 .text.HAL_TIM_PeriodElapsedCallback
                0x0800260c       0x14 CMakeFiles/PTZ_.elf.dir/Core/Src/controller.cpp.obj
                0x0800260c                HAL_TIM_PeriodElapsedCallback
 .text.HAL_UART_RxCpltCallback
                0x08002620       0x24 CMakeFiles/PTZ_.elf.dir/Core/Src/controller.cpp.obj
                0x08002620                HAL_UART_RxCpltCallback
 .text.HAL_CAN_RxFifo0MsgPendingCallback
                0x08002644       0x48 CMakeFiles/PTZ_.elf.dir/Core/Src/controller.cpp.obj
                0x08002644                HAL_CAN_RxFifo0MsgPendingCallback
 .text._GLOBAL__sub_I_yaw_motor_control_stdid
                0x0800268c        0xe CMakeFiles/PTZ_.elf.dir/Core/Src/controller.cpp.obj
 *fill*         0x0800269a        0x2 
 .text.MX_DMA_Init
                0x0800269c       0x44 CMakeFiles/PTZ_.elf.dir/Core/Src/dma.c.obj
                0x0800269c                MX_DMA_Init
 .text.MX_GPIO_Init
                0x080026e0       0x60 CMakeFiles/PTZ_.elf.dir/Core/Src/gpio.c.obj
                0x080026e0                MX_GPIO_Init
 .text.MX_IWDG_Init
                0x08002740       0x28 CMakeFiles/PTZ_.elf.dir/Core/Src/iwdg.c.obj
                0x08002740                MX_IWDG_Init
 .text.Error_Handler
                0x08002768        0x4 CMakeFiles/PTZ_.elf.dir/Core/Src/main.c.obj
                0x08002768                Error_Handler
 .text.SystemClock_Config
                0x0800276c       0xac CMakeFiles/PTZ_.elf.dir/Core/Src/main.c.obj
                0x0800276c                SystemClock_Config
 .text.main     0x08002818       0x24 CMakeFiles/PTZ_.elf.dir/Core/Src/main.c.obj
                0x08002818                main
 .text._ZN5motorC2ENS_9MotorTypeEthRK3PIDS3_bfPFffE
                0x0800283c       0xec CMakeFiles/PTZ_.elf.dir/Core/Src/motor.cpp.obj
                0x0800283c                motor::motor(motor::MotorType, unsigned short, unsigned char, PID const&, PID const&, bool, float, float (*)(float))
                0x0800283c                motor::motor(motor::MotorType, unsigned short, unsigned char, PID const&, PID const&, bool, float, float (*)(float))
 .text._ZN5motor6HandleEv
                0x08002928       0x3c CMakeFiles/PTZ_.elf.dir/Core/Src/motor.cpp.obj
                0x08002928                motor::Handle()
 .text._ZN5motor9RCControlEf
                0x08002964       0x14 CMakeFiles/PTZ_.elf.dir/Core/Src/motor.cpp.obj
                0x08002964                motor::RCControl(float)
 .text._Z9LinearMapIsdET0_T_S1_S1_S0_S0_
                0x08002978       0x5a CMakeFiles/PTZ_.elf.dir/Core/Src/motor.cpp.obj
                0x08002978                double LinearMap<short, double>(short, short, short, double, double)
 .text._Z9LinearMapIfiET0_T_S1_S1_S0_S0_
                0x080029d2       0x5e CMakeFiles/PTZ_.elf.dir/Core/Src/motor.cpp.obj
                0x080029d2                int LinearMap<float, int>(float, float, float, int, int)
 .text._ZN5motor12CalculatePIDEv
                0x08002a30       0xc4 CMakeFiles/PTZ_.elf.dir/Core/Src/motor.cpp.obj
                0x08002a30                motor::CalculatePID()
 .text._ZN5motor16CanRxMsgCallbackEPKh
                0x08002af4       0xe0 CMakeFiles/PTZ_.elf.dir/Core/Src/motor.cpp.obj
                0x08002af4                motor::CanRxMsgCallback(unsigned char const*)
 .text.HAL_MspInit
                0x08002bd4       0x38 CMakeFiles/PTZ_.elf.dir/Core/Src/stm32f4xx_hal_msp.c.obj
                0x08002bd4                HAL_MspInit
 .text.NMI_Handler
                0x08002c0c        0x2 CMakeFiles/PTZ_.elf.dir/Core/Src/stm32f4xx_it.c.obj
                0x08002c0c                NMI_Handler
 .text.HardFault_Handler
                0x08002c0e        0x2 CMakeFiles/PTZ_.elf.dir/Core/Src/stm32f4xx_it.c.obj
                0x08002c0e                HardFault_Handler
 .text.MemManage_Handler
                0x08002c10        0x2 CMakeFiles/PTZ_.elf.dir/Core/Src/stm32f4xx_it.c.obj
                0x08002c10                MemManage_Handler
 .text.BusFault_Handler
                0x08002c12        0x2 CMakeFiles/PTZ_.elf.dir/Core/Src/stm32f4xx_it.c.obj
                0x08002c12                BusFault_Handler
 .text.UsageFault_Handler
                0x08002c14        0x2 CMakeFiles/PTZ_.elf.dir/Core/Src/stm32f4xx_it.c.obj
                0x08002c14                UsageFault_Handler
 .text.SVC_Handler
                0x08002c16        0x2 CMakeFiles/PTZ_.elf.dir/Core/Src/stm32f4xx_it.c.obj
                0x08002c16                SVC_Handler
 .text.DebugMon_Handler
                0x08002c18        0x2 CMakeFiles/PTZ_.elf.dir/Core/Src/stm32f4xx_it.c.obj
                0x08002c18                DebugMon_Handler
 .text.PendSV_Handler
                0x08002c1a        0x2 CMakeFiles/PTZ_.elf.dir/Core/Src/stm32f4xx_it.c.obj
                0x08002c1a                PendSV_Handler
 .text.SysTick_Handler
                0x08002c1c        0x8 CMakeFiles/PTZ_.elf.dir/Core/Src/stm32f4xx_it.c.obj
                0x08002c1c                SysTick_Handler
 .text.DMA1_Stream1_IRQHandler
                0x08002c24       0x10 CMakeFiles/PTZ_.elf.dir/Core/Src/stm32f4xx_it.c.obj
                0x08002c24                DMA1_Stream1_IRQHandler
 .text.DMA1_Stream3_IRQHandler
                0x08002c34       0x10 CMakeFiles/PTZ_.elf.dir/Core/Src/stm32f4xx_it.c.obj
                0x08002c34                DMA1_Stream3_IRQHandler
 .text.CAN1_RX0_IRQHandler
                0x08002c44       0x10 CMakeFiles/PTZ_.elf.dir/Core/Src/stm32f4xx_it.c.obj
                0x08002c44                CAN1_RX0_IRQHandler
 .text.USART3_IRQHandler
                0x08002c54       0x10 CMakeFiles/PTZ_.elf.dir/Core/Src/stm32f4xx_it.c.obj
                0x08002c54                USART3_IRQHandler
 .text.TIM6_DAC_IRQHandler
                0x08002c64       0x10 CMakeFiles/PTZ_.elf.dir/Core/Src/stm32f4xx_it.c.obj
                0x08002c64                TIM6_DAC_IRQHandler
 .text._getpid  0x08002c74        0x4 CMakeFiles/PTZ_.elf.dir/Core/Src/syscalls.c.obj
                0x08002c74                _getpid
 .text._kill    0x08002c78       0x10 CMakeFiles/PTZ_.elf.dir/Core/Src/syscalls.c.obj
                0x08002c78                _kill
 .text._exit    0x08002c88        0xc CMakeFiles/PTZ_.elf.dir/Core/Src/syscalls.c.obj
                0x08002c88                _exit
 .text.SystemInit
                0x08002c94        0x2 CMakeFiles/PTZ_.elf.dir/Core/Src/system_stm32f4xx.c.obj
                0x08002c94                SystemInit
 *fill*         0x08002c96        0x2 
 .text.MX_TIM6_Init
                0x08002c98       0x50 CMakeFiles/PTZ_.elf.dir/Core/Src/tim.c.obj
                0x08002c98                MX_TIM6_Init
 .text.HAL_TIM_Base_MspInit
                0x08002ce8       0x40 CMakeFiles/PTZ_.elf.dir/Core/Src/tim.c.obj
                0x08002ce8                HAL_TIM_Base_MspInit
 .text._Z5limitff
                0x08002d28       0x1a CMakeFiles/PTZ_.elf.dir/Core/Src/tool.cpp.obj
                0x08002d28                limit(float, float)
 *fill*         0x08002d42        0x2 
 .text.MX_USART3_UART_Init
                0x08002d44       0x38 CMakeFiles/PTZ_.elf.dir/Core/Src/usart.c.obj
                0x08002d44                MX_USART3_UART_Init
 .text.HAL_UART_MspInit
                0x08002d7c       0xf8 CMakeFiles/PTZ_.elf.dir/Core/Src/usart.c.obj
                0x08002d7c                HAL_UART_MspInit
 .text.Reset_Handler
                0x08002e74       0x50 CMakeFiles/PTZ_.elf.dir/Core/Startup/startup_stm32f407ighx.s.obj
                0x08002e74                Reset_Handler
 .text.Default_Handler
                0x08002ec4        0x2 CMakeFiles/PTZ_.elf.dir/Core/Startup/startup_stm32f407ighx.s.obj
                0x08002ec4                RTC_Alarm_IRQHandler
                0x08002ec4                HASH_RNG_IRQHandler
                0x08002ec4                EXTI2_IRQHandler
                0x08002ec4                TIM8_CC_IRQHandler
                0x08002ec4                TIM1_CC_IRQHandler
                0x08002ec4                DMA2_Stream5_IRQHandler
                0x08002ec4                DMA1_Stream5_IRQHandler
                0x08002ec4                PVD_IRQHandler
                0x08002ec4                SDIO_IRQHandler
                0x08002ec4                TAMP_STAMP_IRQHandler
                0x08002ec4                CAN2_RX1_IRQHandler
                0x08002ec4                EXTI3_IRQHandler
                0x08002ec4                TIM8_TRG_COM_TIM14_IRQHandler
                0x08002ec4                TIM1_UP_TIM10_IRQHandler
                0x08002ec4                TIM8_UP_TIM13_IRQHandler
                0x08002ec4                I2C3_ER_IRQHandler
                0x08002ec4                EXTI0_IRQHandler
                0x08002ec4                I2C2_EV_IRQHandler
                0x08002ec4                DMA1_Stream2_IRQHandler
                0x08002ec4                FPU_IRQHandler
                0x08002ec4                OTG_HS_WKUP_IRQHandler
                0x08002ec4                CAN2_SCE_IRQHandler
                0x08002ec4                DMA2_Stream2_IRQHandler
                0x08002ec4                SPI1_IRQHandler
                0x08002ec4                TIM1_BRK_TIM9_IRQHandler
                0x08002ec4                DCMI_IRQHandler
                0x08002ec4                CAN2_RX0_IRQHandler
                0x08002ec4                DMA2_Stream3_IRQHandler
                0x08002ec4                USART6_IRQHandler
                0x08002ec4                CAN1_RX1_IRQHandler
                0x08002ec4                UART5_IRQHandler
                0x08002ec4                DMA2_Stream0_IRQHandler
                0x08002ec4                TIM4_IRQHandler
                0x08002ec4                I2C1_EV_IRQHandler
                0x08002ec4                DMA1_Stream6_IRQHandler
                0x08002ec4                UART4_IRQHandler
                0x08002ec4                TIM3_IRQHandler
                0x08002ec4                RCC_IRQHandler
                0x08002ec4                TIM8_BRK_TIM12_IRQHandler
                0x08002ec4                Default_Handler
                0x08002ec4                EXTI15_10_IRQHandler
                0x08002ec4                ADC_IRQHandler
                0x08002ec4                DMA1_Stream7_IRQHandler
                0x08002ec4                TIM7_IRQHandler
                0x08002ec4                CAN2_TX_IRQHandler
                0x08002ec4                TIM5_IRQHandler
                0x08002ec4                DMA2_Stream7_IRQHandler
                0x08002ec4                I2C3_EV_IRQHandler
                0x08002ec4                EXTI9_5_IRQHandler
                0x08002ec4                RTC_WKUP_IRQHandler
                0x08002ec4                ETH_WKUP_IRQHandler
                0x08002ec4                SPI2_IRQHandler
                0x08002ec4                OTG_HS_EP1_IN_IRQHandler
                0x08002ec4                DMA1_Stream0_IRQHandler
                0x08002ec4                CAN1_TX_IRQHandler
                0x08002ec4                EXTI4_IRQHandler
                0x08002ec4                FSMC_IRQHandler
                0x08002ec4                ETH_IRQHandler
                0x08002ec4                OTG_HS_EP1_OUT_IRQHandler
                0x08002ec4                WWDG_IRQHandler
                0x08002ec4                TIM2_IRQHandler
                0x08002ec4                OTG_FS_WKUP_IRQHandler
                0x08002ec4                TIM1_TRG_COM_TIM11_IRQHandler
                0x08002ec4                OTG_HS_IRQHandler
                0x08002ec4                EXTI1_IRQHandler
                0x08002ec4                USART2_IRQHandler
                0x08002ec4                I2C2_ER_IRQHandler
                0x08002ec4                DMA2_Stream1_IRQHandler
                0x08002ec4                CAN1_SCE_IRQHandler
                0x08002ec4                FLASH_IRQHandler
                0x08002ec4                DMA2_Stream4_IRQHandler
                0x08002ec4                USART1_IRQHandler
                0x08002ec4                OTG_FS_IRQHandler
                0x08002ec4                SPI3_IRQHandler
                0x08002ec4                DMA1_Stream4_IRQHandler
                0x08002ec4                I2C1_ER_IRQHandler
                0x08002ec4                DMA2_Stream6_IRQHandler
 *fill*         0x08002ec6        0x2 
 .text.HAL_InitTick
                0x08002ec8       0x4c CMakeFiles/PTZ_.elf.dir/Drivers/STM32F4xx_HAL_Driver/Src/stm32f4xx_hal.c.obj
                0x08002ec8                HAL_InitTick
 .text.HAL_Init
                0x08002f14       0x34 CMakeFiles/PTZ_.elf.dir/Drivers/STM32F4xx_HAL_Driver/Src/stm32f4xx_hal.c.obj
                0x08002f14                HAL_Init
 .text.HAL_IncTick
                0x08002f48       0x18 CMakeFiles/PTZ_.elf.dir/Drivers/STM32F4xx_HAL_Driver/Src/stm32f4xx_hal.c.obj
                0x08002f48                HAL_IncTick
 .text.HAL_GetTick
                0x08002f60        0xc CMakeFiles/PTZ_.elf.dir/Drivers/STM32F4xx_HAL_Driver/Src/stm32f4xx_hal.c.obj
                0x08002f60                HAL_GetTick
 .text.HAL_CAN_Init
                0x08002f6c      0x14c CMakeFiles/PTZ_.elf.dir/Drivers/STM32F4xx_HAL_Driver/Src/stm32f4xx_hal_can.c.obj
                0x08002f6c                HAL_CAN_Init
 .text.HAL_CAN_AddTxMessage
                0x080030b8       0xea CMakeFiles/PTZ_.elf.dir/Drivers/STM32F4xx_HAL_Driver/Src/stm32f4xx_hal_can.c.obj
                0x080030b8                HAL_CAN_AddTxMessage
 .text.HAL_CAN_GetRxMessage
                0x080031a2      0x16a CMakeFiles/PTZ_.elf.dir/Drivers/STM32F4xx_HAL_Driver/Src/stm32f4xx_hal_can.c.obj
                0x080031a2                HAL_CAN_GetRxMessage
 .text.HAL_CAN_TxMailbox0CompleteCallback
                0x0800330c        0x2 CMakeFiles/PTZ_.elf.dir/Drivers/STM32F4xx_HAL_Driver/Src/stm32f4xx_hal_can.c.obj
                0x0800330c                HAL_CAN_TxMailbox0CompleteCallback
 .text.HAL_CAN_TxMailbox1CompleteCallback
                0x0800330e        0x2 CMakeFiles/PTZ_.elf.dir/Drivers/STM32F4xx_HAL_Driver/Src/stm32f4xx_hal_can.c.obj
                0x0800330e                HAL_CAN_TxMailbox1CompleteCallback
 .text.HAL_CAN_TxMailbox2CompleteCallback
                0x08003310        0x2 CMakeFiles/PTZ_.elf.dir/Drivers/STM32F4xx_HAL_Driver/Src/stm32f4xx_hal_can.c.obj
                0x08003310                HAL_CAN_TxMailbox2CompleteCallback
 .text.HAL_CAN_TxMailbox0AbortCallback
                0x08003312        0x2 CMakeFiles/PTZ_.elf.dir/Drivers/STM32F4xx_HAL_Driver/Src/stm32f4xx_hal_can.c.obj
                0x08003312                HAL_CAN_TxMailbox0AbortCallback
 .text.HAL_CAN_TxMailbox1AbortCallback
                0x08003314        0x2 CMakeFiles/PTZ_.elf.dir/Drivers/STM32F4xx_HAL_Driver/Src/stm32f4xx_hal_can.c.obj
                0x08003314                HAL_CAN_TxMailbox1AbortCallback
 .text.HAL_CAN_TxMailbox2AbortCallback
                0x08003316        0x2 CMakeFiles/PTZ_.elf.dir/Drivers/STM32F4xx_HAL_Driver/Src/stm32f4xx_hal_can.c.obj
                0x08003316                HAL_CAN_TxMailbox2AbortCallback
 .text.HAL_CAN_RxFifo0FullCallback
                0x08003318        0x2 CMakeFiles/PTZ_.elf.dir/Drivers/STM32F4xx_HAL_Driver/Src/stm32f4xx_hal_can.c.obj
                0x08003318                HAL_CAN_RxFifo0FullCallback
 .text.HAL_CAN_RxFifo1MsgPendingCallback
                0x0800331a        0x2 CMakeFiles/PTZ_.elf.dir/Drivers/STM32F4xx_HAL_Driver/Src/stm32f4xx_hal_can.c.obj
                0x0800331a                HAL_CAN_RxFifo1MsgPendingCallback
 .text.HAL_CAN_RxFifo1FullCallback
                0x0800331c        0x2 CMakeFiles/PTZ_.elf.dir/Drivers/STM32F4xx_HAL_Driver/Src/stm32f4xx_hal_can.c.obj
                0x0800331c                HAL_CAN_RxFifo1FullCallback
 .text.HAL_CAN_SleepCallback
                0x0800331e        0x2 CMakeFiles/PTZ_.elf.dir/Drivers/STM32F4xx_HAL_Driver/Src/stm32f4xx_hal_can.c.obj
                0x0800331e                HAL_CAN_SleepCallback
 .text.HAL_CAN_WakeUpFromRxMsgCallback
                0x08003320        0x2 CMakeFiles/PTZ_.elf.dir/Drivers/STM32F4xx_HAL_Driver/Src/stm32f4xx_hal_can.c.obj
                0x08003320                HAL_CAN_WakeUpFromRxMsgCallback
 .text.HAL_CAN_ErrorCallback
                0x08003322        0x2 CMakeFiles/PTZ_.elf.dir/Drivers/STM32F4xx_HAL_Driver/Src/stm32f4xx_hal_can.c.obj
                0x08003322                HAL_CAN_ErrorCallback
 .text.HAL_CAN_IRQHandler
                0x08003324      0x24a CMakeFiles/PTZ_.elf.dir/Drivers/STM32F4xx_HAL_Driver/Src/stm32f4xx_hal_can.c.obj
                0x08003324                HAL_CAN_IRQHandler
 *fill*         0x0800356e        0x2 
 .text.__NVIC_EnableIRQ
                0x08003570       0x1c CMakeFiles/PTZ_.elf.dir/Drivers/STM32F4xx_HAL_Driver/Src/stm32f4xx_hal_cortex.c.obj
 .text.__NVIC_SetPriority
                0x0800358c       0x28 CMakeFiles/PTZ_.elf.dir/Drivers/STM32F4xx_HAL_Driver/Src/stm32f4xx_hal_cortex.c.obj
 .text.NVIC_EncodePriority
                0x080035b4       0x3e CMakeFiles/PTZ_.elf.dir/Drivers/STM32F4xx_HAL_Driver/Src/stm32f4xx_hal_cortex.c.obj
 *fill*         0x080035f2        0x2 
 .text.HAL_NVIC_SetPriorityGrouping
                0x080035f4       0x24 CMakeFiles/PTZ_.elf.dir/Drivers/STM32F4xx_HAL_Driver/Src/stm32f4xx_hal_cortex.c.obj
                0x080035f4                HAL_NVIC_SetPriorityGrouping
 .text.HAL_NVIC_SetPriority
                0x08003618       0x20 CMakeFiles/PTZ_.elf.dir/Drivers/STM32F4xx_HAL_Driver/Src/stm32f4xx_hal_cortex.c.obj
                0x08003618                HAL_NVIC_SetPriority
 .text.HAL_NVIC_EnableIRQ
                0x08003638        0x8 CMakeFiles/PTZ_.elf.dir/Drivers/STM32F4xx_HAL_Driver/Src/stm32f4xx_hal_cortex.c.obj
                0x08003638                HAL_NVIC_EnableIRQ
 .text.HAL_SYSTICK_Config
                0x08003640       0x28 CMakeFiles/PTZ_.elf.dir/Drivers/STM32F4xx_HAL_Driver/Src/stm32f4xx_hal_cortex.c.obj
                0x08003640                HAL_SYSTICK_Config
 .text.DMA_SetConfig
                0x08003668       0x2c CMakeFiles/PTZ_.elf.dir/Drivers/STM32F4xx_HAL_Driver/Src/stm32f4xx_hal_dma.c.obj
 .text.DMA_CalcBaseAndBitshift
                0x08003694       0x40 CMakeFiles/PTZ_.elf.dir/Drivers/STM32F4xx_HAL_Driver/Src/stm32f4xx_hal_dma.c.obj
 .text.DMA_CheckFifoParam
                0x080036d4       0x8e CMakeFiles/PTZ_.elf.dir/Drivers/STM32F4xx_HAL_Driver/Src/stm32f4xx_hal_dma.c.obj
 *fill*         0x08003762        0x2 
 .text.HAL_DMA_Init
                0x08003764       0xcc CMakeFiles/PTZ_.elf.dir/Drivers/STM32F4xx_HAL_Driver/Src/stm32f4xx_hal_dma.c.obj
                0x08003764                HAL_DMA_Init
 .text.HAL_DMA_Start_IT
                0x08003830       0x6a CMakeFiles/PTZ_.elf.dir/Drivers/STM32F4xx_HAL_Driver/Src/stm32f4xx_hal_dma.c.obj
                0x08003830                HAL_DMA_Start_IT
 .text.HAL_DMA_Abort
                0x0800389a       0x94 CMakeFiles/PTZ_.elf.dir/Drivers/STM32F4xx_HAL_Driver/Src/stm32f4xx_hal_dma.c.obj
                0x0800389a                HAL_DMA_Abort
 .text.HAL_DMA_Abort_IT
                0x0800392e       0x26 CMakeFiles/PTZ_.elf.dir/Drivers/STM32F4xx_HAL_Driver/Src/stm32f4xx_hal_dma.c.obj
                0x0800392e                HAL_DMA_Abort_IT
 .text.HAL_DMA_IRQHandler
                0x08003954      0x1dc CMakeFiles/PTZ_.elf.dir/Drivers/STM32F4xx_HAL_Driver/Src/stm32f4xx_hal_dma.c.obj
                0x08003954                HAL_DMA_IRQHandler
 .text.HAL_GPIO_Init
                0x08003b30      0x1f4 CMakeFiles/PTZ_.elf.dir/Drivers/STM32F4xx_HAL_Driver/Src/stm32f4xx_hal_gpio.c.obj
                0x08003b30                HAL_GPIO_Init
 .text.HAL_IWDG_Init
                0x08003d24       0x58 CMakeFiles/PTZ_.elf.dir/Drivers/STM32F4xx_HAL_Driver/Src/stm32f4xx_hal_iwdg.c.obj
                0x08003d24                HAL_IWDG_Init
 .text.HAL_IWDG_Refresh
                0x08003d7c        0xc CMakeFiles/PTZ_.elf.dir/Drivers/STM32F4xx_HAL_Driver/Src/stm32f4xx_hal_iwdg.c.obj
                0x08003d7c                HAL_IWDG_Refresh
 .text.HAL_RCC_OscConfig
                0x08003d88      0x3f8 CMakeFiles/PTZ_.elf.dir/Drivers/STM32F4xx_HAL_Driver/Src/stm32f4xx_hal_rcc.c.obj
                0x08003d88                HAL_RCC_OscConfig
 .text.HAL_RCC_GetSysClockFreq
                0x08004180       0xa8 CMakeFiles/PTZ_.elf.dir/Drivers/STM32F4xx_HAL_Driver/Src/stm32f4xx_hal_rcc.c.obj
                0x08004180                HAL_RCC_GetSysClockFreq
 .text.HAL_RCC_ClockConfig
                0x08004228      0x160 CMakeFiles/PTZ_.elf.dir/Drivers/STM32F4xx_HAL_Driver/Src/stm32f4xx_hal_rcc.c.obj
                0x08004228                HAL_RCC_ClockConfig
 .text.HAL_RCC_GetHCLKFreq
                0x08004388        0xc CMakeFiles/PTZ_.elf.dir/Drivers/STM32F4xx_HAL_Driver/Src/stm32f4xx_hal_rcc.c.obj
                0x08004388                HAL_RCC_GetHCLKFreq
 .text.HAL_RCC_GetPCLK1Freq
                0x08004394       0x20 CMakeFiles/PTZ_.elf.dir/Drivers/STM32F4xx_HAL_Driver/Src/stm32f4xx_hal_rcc.c.obj
                0x08004394                HAL_RCC_GetPCLK1Freq
 .text.HAL_RCC_GetPCLK2Freq
                0x080043b4       0x20 CMakeFiles/PTZ_.elf.dir/Drivers/STM32F4xx_HAL_Driver/Src/stm32f4xx_hal_rcc.c.obj
                0x080043b4                HAL_RCC_GetPCLK2Freq
 .text.HAL_TIM_OC_DelayElapsedCallback
                0x080043d4        0x2 CMakeFiles/PTZ_.elf.dir/Drivers/STM32F4xx_HAL_Driver/Src/stm32f4xx_hal_tim.c.obj
                0x080043d4                HAL_TIM_OC_DelayElapsedCallback
 .text.HAL_TIM_IC_CaptureCallback
                0x080043d6        0x2 CMakeFiles/PTZ_.elf.dir/Drivers/STM32F4xx_HAL_Driver/Src/stm32f4xx_hal_tim.c.obj
                0x080043d6                HAL_TIM_IC_CaptureCallback
 .text.HAL_TIM_PWM_PulseFinishedCallback
                0x080043d8        0x2 CMakeFiles/PTZ_.elf.dir/Drivers/STM32F4xx_HAL_Driver/Src/stm32f4xx_hal_tim.c.obj
                0x080043d8                HAL_TIM_PWM_PulseFinishedCallback
 .text.HAL_TIM_TriggerCallback
                0x080043da        0x2 CMakeFiles/PTZ_.elf.dir/Drivers/STM32F4xx_HAL_Driver/Src/stm32f4xx_hal_tim.c.obj
                0x080043da                HAL_TIM_TriggerCallback
 .text.HAL_TIM_IRQHandler
                0x080043dc      0x15e CMakeFiles/PTZ_.elf.dir/Drivers/STM32F4xx_HAL_Driver/Src/stm32f4xx_hal_tim.c.obj
                0x080043dc                HAL_TIM_IRQHandler
 *fill*         0x0800453a        0x2 
 .text.TIM_Base_SetConfig
                0x0800453c       0xd8 CMakeFiles/PTZ_.elf.dir/Drivers/STM32F4xx_HAL_Driver/Src/stm32f4xx_hal_tim.c.obj
                0x0800453c                TIM_Base_SetConfig
 .text.HAL_TIM_Base_Init
                0x08004614       0x58 CMakeFiles/PTZ_.elf.dir/Drivers/STM32F4xx_HAL_Driver/Src/stm32f4xx_hal_tim.c.obj
                0x08004614                HAL_TIM_Base_Init
 .text.HAL_TIMEx_MasterConfigSynchronization
                0x0800466c       0x8c CMakeFiles/PTZ_.elf.dir/Drivers/STM32F4xx_HAL_Driver/Src/stm32f4xx_hal_tim_ex.c.obj
                0x0800466c                HAL_TIMEx_MasterConfigSynchronization
 .text.HAL_TIMEx_CommutCallback
                0x080046f8        0x2 CMakeFiles/PTZ_.elf.dir/Drivers/STM32F4xx_HAL_Driver/Src/stm32f4xx_hal_tim_ex.c.obj
                0x080046f8                HAL_TIMEx_CommutCallback
 .text.HAL_TIMEx_BreakCallback
                0x080046fa        0x2 CMakeFiles/PTZ_.elf.dir/Drivers/STM32F4xx_HAL_Driver/Src/stm32f4xx_hal_tim_ex.c.obj
                0x080046fa                HAL_TIMEx_BreakCallback
 .text.UART_EndTxTransfer
                0x080046fc       0x20 CMakeFiles/PTZ_.elf.dir/Drivers/STM32F4xx_HAL_Driver/Src/stm32f4xx_hal_uart.c.obj
 .text.UART_EndRxTransfer
                0x0800471c       0x5c CMakeFiles/PTZ_.elf.dir/Drivers/STM32F4xx_HAL_Driver/Src/stm32f4xx_hal_uart.c.obj
 .text.UART_Transmit_IT
                0x08004778       0x60 CMakeFiles/PTZ_.elf.dir/Drivers/STM32F4xx_HAL_Driver/Src/stm32f4xx_hal_uart.c.obj
 .text.UART_SetConfig
                0x080047d8      0x110 CMakeFiles/PTZ_.elf.dir/Drivers/STM32F4xx_HAL_Driver/Src/stm32f4xx_hal_uart.c.obj
 .text.HAL_UART_Init
                0x080048e8       0x60 CMakeFiles/PTZ_.elf.dir/Drivers/STM32F4xx_HAL_Driver/Src/stm32f4xx_hal_uart.c.obj
                0x080048e8                HAL_UART_Init
 .text.HAL_UART_TxCpltCallback
                0x08004948        0x2 CMakeFiles/PTZ_.elf.dir/Drivers/STM32F4xx_HAL_Driver/Src/stm32f4xx_hal_uart.c.obj
                0x08004948                HAL_UART_TxCpltCallback
 .text.UART_EndTransmit_IT
                0x0800494a       0x1a CMakeFiles/PTZ_.elf.dir/Drivers/STM32F4xx_HAL_Driver/Src/stm32f4xx_hal_uart.c.obj
 .text.HAL_UART_RxHalfCpltCallback
                0x08004964        0x2 CMakeFiles/PTZ_.elf.dir/Drivers/STM32F4xx_HAL_Driver/Src/stm32f4xx_hal_uart.c.obj
                0x08004964                HAL_UART_RxHalfCpltCallback
 .text.HAL_UART_ErrorCallback
                0x08004966        0x2 CMakeFiles/PTZ_.elf.dir/Drivers/STM32F4xx_HAL_Driver/Src/stm32f4xx_hal_uart.c.obj
                0x08004966                HAL_UART_ErrorCallback
 .text.UART_DMAError
                0x08004968       0x58 CMakeFiles/PTZ_.elf.dir/Drivers/STM32F4xx_HAL_Driver/Src/stm32f4xx_hal_uart.c.obj
 .text.UART_DMAAbortOnError
                0x080049c0       0x10 CMakeFiles/PTZ_.elf.dir/Drivers/STM32F4xx_HAL_Driver/Src/stm32f4xx_hal_uart.c.obj
 .text.HAL_UARTEx_RxEventCallback
                0x080049d0        0x2 CMakeFiles/PTZ_.elf.dir/Drivers/STM32F4xx_HAL_Driver/Src/stm32f4xx_hal_uart.c.obj
                0x080049d0                HAL_UARTEx_RxEventCallback
 .text.UART_Receive_IT
                0x080049d2       0xe6 CMakeFiles/PTZ_.elf.dir/Drivers/STM32F4xx_HAL_Driver/Src/stm32f4xx_hal_uart.c.obj
 .text.HAL_UART_IRQHandler
                0x08004ab8      0x284 CMakeFiles/PTZ_.elf.dir/Drivers/STM32F4xx_HAL_Driver/Src/stm32f4xx_hal_uart.c.obj
                0x08004ab8                HAL_UART_IRQHandler
 .text.UART_DMARxHalfCplt
                0x08004d3c       0x1e CMakeFiles/PTZ_.elf.dir/Drivers/STM32F4xx_HAL_Driver/Src/stm32f4xx_hal_uart.c.obj
 .text.UART_DMAReceiveCplt
                0x08004d5a       0x9a CMakeFiles/PTZ_.elf.dir/Drivers/STM32F4xx_HAL_Driver/Src/stm32f4xx_hal_uart.c.obj
 .text.UART_Start_Receive_DMA
                0x08004df4       0xa4 CMakeFiles/PTZ_.elf.dir/Drivers/STM32F4xx_HAL_Driver/Src/stm32f4xx_hal_uart.c.obj
                0x08004df4                UART_Start_Receive_DMA
 .text.HAL_UART_Receive_DMA
                0x08004e98       0x26 CMakeFiles/PTZ_.elf.dir/Drivers/STM32F4xx_HAL_Driver/Src/stm32f4xx_hal_uart.c.obj
                0x08004e98                HAL_UART_Receive_DMA
 .text.abort    0x08004ebe        0xe D:/STM32Cube/STM32CubeCLT_1.16.0/GNU-tools-for-STM32/bin/../lib/gcc/arm-none-eabi/12.3.1/../../../../arm-none-eabi/lib/thumb/v7e-m/nofp\libg.a(libc_a-abort.o)
                0x08004ebe                abort
 .text.memset   0x08004ecc       0x10 D:/STM32Cube/STM32CubeCLT_1.16.0/GNU-tools-for-STM32/bin/../lib/gcc/arm-none-eabi/12.3.1/../../../../arm-none-eabi/lib/thumb/v7e-m/nofp\libg.a(libc_a-memset.o)
                0x08004ecc                memset
 .text._raise_r
                0x08004edc       0x52 D:/STM32Cube/STM32CubeCLT_1.16.0/GNU-tools-for-STM32/bin/../lib/gcc/arm-none-eabi/12.3.1/../../../../arm-none-eabi/lib/thumb/v7e-m/nofp\libg.a(libc_a-signal.o)
                0x08004edc                _raise_r
 *fill*         0x08004f2e        0x2 
 .text.raise    0x08004f30       0x10 D:/STM32Cube/STM32CubeCLT_1.16.0/GNU-tools-for-STM32/bin/../lib/gcc/arm-none-eabi/12.3.1/../../../../arm-none-eabi/lib/thumb/v7e-m/nofp\libg.a(libc_a-signal.o)
                0x08004f30                raise
 .text._kill_r  0x08004f40       0x24 D:/STM32Cube/STM32CubeCLT_1.16.0/GNU-tools-for-STM32/bin/../lib/gcc/arm-none-eabi/12.3.1/../../../../arm-none-eabi/lib/thumb/v7e-m/nofp\libg.a(libc_a-signalr.o)
                0x08004f40                _kill_r
 .text._getpid_r
                0x08004f64        0x4 D:/STM32Cube/STM32CubeCLT_1.16.0/GNU-tools-for-STM32/bin/../lib/gcc/arm-none-eabi/12.3.1/../../../../arm-none-eabi/lib/thumb/v7e-m/nofp\libg.a(libc_a-signalr.o)
                0x08004f64                _getpid_r
 .text.__errno  0x08004f68        0xc D:/STM32Cube/STM32CubeCLT_1.16.0/GNU-tools-for-STM32/bin/../lib/gcc/arm-none-eabi/12.3.1/../../../../arm-none-eabi/lib/thumb/v7e-m/nofp\libg.a(libc_a-errno.o)
                0x08004f68                __errno
 .text.__libc_init_array
                0x08004f74       0x48 D:/STM32Cube/STM32CubeCLT_1.16.0/GNU-tools-for-STM32/bin/../lib/gcc/arm-none-eabi/12.3.1/../../../../arm-none-eabi/lib/thumb/v7e-m/nofp\libg.a(libc_a-init.o)
                0x08004f74                __libc_init_array
 .text.__retarget_lock_acquire_recursive
                0x08004fbc        0x2 D:/STM32Cube/STM32CubeCLT_1.16.0/GNU-tools-for-STM32/bin/../lib/gcc/arm-none-eabi/12.3.1/../../../../arm-none-eabi/lib/thumb/v7e-m/nofp\libg.a(libc_a-lock.o)
                0x08004fbc                __retarget_lock_acquire_recursive
 .text.__retarget_lock_release_recursive
                0x08004fbe        0x2 D:/STM32Cube/STM32CubeCLT_1.16.0/GNU-tools-for-STM32/bin/../lib/gcc/arm-none-eabi/12.3.1/../../../../arm-none-eabi/lib/thumb/v7e-m/nofp\libg.a(libc_a-lock.o)
                0x08004fbe                __retarget_lock_release_recursive
 .text.memcpy   0x08004fc0       0x1c D:/STM32Cube/STM32CubeCLT_1.16.0/GNU-tools-for-STM32/bin/../lib/gcc/arm-none-eabi/12.3.1/../../../../arm-none-eabi/lib/thumb/v7e-m/nofp\libg.a(libc_a-memcpy-stub.o)
                0x08004fc0                memcpy
 .text.startup.register_fini
                0x08004fdc       0x14 D:/STM32Cube/STM32CubeCLT_1.16.0/GNU-tools-for-STM32/bin/../lib/gcc/arm-none-eabi/12.3.1/../../../../arm-none-eabi/lib/thumb/v7e-m/nofp\libg.a(libc_a-__call_atexit.o)
 .text.atexit   0x08004ff0        0xc D:/STM32Cube/STM32CubeCLT_1.16.0/GNU-tools-for-STM32/bin/../lib/gcc/arm-none-eabi/12.3.1/../../../../arm-none-eabi/lib/thumb/v7e-m/nofp\libg.a(libc_a-atexit.o)
                0x08004ff0                atexit
 .text.__libc_fini_array
                0x08004ffc       0x28 D:/STM32Cube/STM32CubeCLT_1.16.0/GNU-tools-for-STM32/bin/../lib/gcc/arm-none-eabi/12.3.1/../../../../arm-none-eabi/lib/thumb/v7e-m/nofp\libg.a(libc_a-fini.o)
                0x08004ffc                __libc_fini_array
 .text.__register_exitproc
                0x08005024       0x80 D:/STM32Cube/STM32CubeCLT_1.16.0/GNU-tools-for-STM32/bin/../lib/gcc/arm-none-eabi/12.3.1/../../../../arm-none-eabi/lib/thumb/v7e-m/nofp\libg.a(libc_a-__atexit.o)
                0x08005024                __register_exitproc
 *(.glue_7)
 .glue_7        0x080050a4        0x0 linker stubs
 *(.glue_7t)
 .glue_7t       0x080050a4        0x0 linker stubs
 *(.eh_frame)
 .eh_frame      0x080050a4        0x0 D:/STM32Cube/STM32CubeCLT_1.16.0/GNU-tools-for-STM32/bin/../lib/gcc/arm-none-eabi/12.3.1/thumb/v7e-m/nofp/crtbegin.o
 *(.init)
 .init          0x080050a4        0x4 D:/STM32Cube/STM32CubeCLT_1.16.0/GNU-tools-for-STM32/bin/../lib/gcc/arm-none-eabi/12.3.1/thumb/v7e-m/nofp/crti.o
                0x080050a4                _init
 .init          0x080050a8        0x8 D:/STM32Cube/STM32CubeCLT_1.16.0/GNU-tools-for-STM32/bin/../lib/gcc/arm-none-eabi/12.3.1/thumb/v7e-m/nofp/crtn.o
 *(.fini)
 .fini          0x080050b0        0x4 D:/STM32Cube/STM32CubeCLT_1.16.0/GNU-tools-for-STM32/bin/../lib/gcc/arm-none-eabi/12.3.1/thumb/v7e-m/nofp/crti.o
                0x080050b0                _fini
 .fini          0x080050b4        0x8 D:/STM32Cube/STM32CubeCLT_1.16.0/GNU-tools-for-STM32/bin/../lib/gcc/arm-none-eabi/12.3.1/thumb/v7e-m/nofp/crtn.o
                0x080050bc                        . = ALIGN (0x4)
                0x080050bc                        _etext = .

.vfp11_veneer   0x080050bc        0x0
 .vfp11_veneer  0x080050bc        0x0 linker stubs

.v4_bx          0x080050bc        0x0
 .v4_bx         0x080050bc        0x0 linker stubs

.iplt           0x080050bc        0x0
 .iplt          0x080050bc        0x0 D:/STM32Cube/STM32CubeCLT_1.16.0/GNU-tools-for-STM32/bin/../lib/gcc/arm-none-eabi/12.3.1/thumb/v7e-m/nofp/crtbegin.o

.rodata         0x080050bc       0x38
                0x080050bc                        . = ALIGN (0x4)
 *(.rodata)
 .rodata        0x080050bc       0x18 CMakeFiles/PTZ_.elf.dir/Core/Src/controller.cpp.obj
 *(.rodata*)
 .rodata.APBPrescTable
                0x080050d4        0x8 CMakeFiles/PTZ_.elf.dir/Core/Src/system_stm32f4xx.c.obj
                0x080050d4                APBPrescTable
 .rodata.AHBPrescTable
                0x080050dc       0x10 CMakeFiles/PTZ_.elf.dir/Core/Src/system_stm32f4xx.c.obj
                0x080050dc                AHBPrescTable
 .rodata.flagBitshiftOffset.0
                0x080050ec        0x8 CMakeFiles/PTZ_.elf.dir/Drivers/STM32F4xx_HAL_Driver/Src/stm32f4xx_hal_dma.c.obj
                0x080050f4                        . = ALIGN (0x4)

.ARM.extab      0x080050f4       0x3c
                0x080050f4                        . = ALIGN (0x4)
 *(.ARM.extab* .gnu.linkonce.armextab.*)
 .ARM.extab.text._Z9LinearMapIifET0_T_S1_S1_S0_S0_
                0x080050f4        0x0 CMakeFiles/PTZ_.elf.dir/Core/Src/RC.cpp.obj
 .ARM.extab.text._Z8RCHandlev
                0x080050f4        0xc CMakeFiles/PTZ_.elf.dir/Core/Src/controller.cpp.obj
 .ARM.extab.text._Z11ControlLoopv
                0x08005100        0xc CMakeFiles/PTZ_.elf.dir/Core/Src/controller.cpp.obj
 .ARM.extab.text.HAL_TIM_PeriodElapsedCallback
                0x0800510c        0xc CMakeFiles/PTZ_.elf.dir/Core/Src/controller.cpp.obj
 .ARM.extab.text._Z9LinearMapIsdET0_T_S1_S1_S0_S0_
                0x08005118        0x0 CMakeFiles/PTZ_.elf.dir/Core/Src/motor.cpp.obj
 .ARM.extab.text._Z9LinearMapIfiET0_T_S1_S1_S0_S0_
                0x08005118        0x0 CMakeFiles/PTZ_.elf.dir/Core/Src/motor.cpp.obj
 .ARM.extab     0x08005118       0x18 D:/STM32Cube/STM32CubeCLT_1.16.0/GNU-tools-for-STM32/bin/../lib/gcc/arm-none-eabi/12.3.1/thumb/v7e-m/nofp\libgcc.a(pr-support.o)
                0x08005130                        . = ALIGN (0x4)

.ARM            0x08005130      0x120
                0x08005130                        . = ALIGN (0x4)
                0x08005130                        __exidx_start = .
 *(.ARM.exidx*)
 .ARM.exidx     0x08005130        0x8 D:/STM32Cube/STM32CubeCLT_1.16.0/GNU-tools-for-STM32/bin/../lib/gcc/arm-none-eabi/12.3.1/thumb/v7e-m/nofp\libgcc.a(_udivmoddi4.o)
 .ARM.exidx     0x08005138       0x78 D:/STM32Cube/STM32CubeCLT_1.16.0/GNU-tools-for-STM32/bin/../lib/gcc/arm-none-eabi/12.3.1/thumb/v7e-m/nofp\libgcc.a(unwind-arm.o)
                                 0xd8 (size before relaxing)
 .ARM.exidx     0x080051b0       0x38 D:/STM32Cube/STM32CubeCLT_1.16.0/GNU-tools-for-STM32/bin/../lib/gcc/arm-none-eabi/12.3.1/thumb/v7e-m/nofp\libgcc.a(pr-support.o)
 .ARM.exidx.text._ZN3PIDC2Efffff
                0x080051e8        0x0 CMakeFiles/PTZ_.elf.dir/Core/Src/PID.cpp.obj
                                  0x8 (size before relaxing)
 .ARM.exidx.text._ZN3PID4calcEff
                0x080051e8        0x8 CMakeFiles/PTZ_.elf.dir/Core/Src/PID.cpp.obj
 .ARM.exidx.text._ZN2RCC2Ev
                0x080051f0        0x8 CMakeFiles/PTZ_.elf.dir/Core/Src/RC.cpp.obj
 .ARM.exidx.text._ZN2RC8ReadDbusEv
                0x080051f8        0x8 CMakeFiles/PTZ_.elf.dir/Core/Src/RC.cpp.obj
 .ARM.exidx.text._Z9LinearMapIifET0_T_S1_S1_S0_S0_
                0x08005200        0x8 CMakeFiles/PTZ_.elf.dir/Core/Src/RC.cpp.obj
 .ARM.exidx.text._ZN2RC9ParseDbusEv
                0x08005208        0x0 CMakeFiles/PTZ_.elf.dir/Core/Src/RC.cpp.obj
                                  0x8 (size before relaxing)
 .ARM.exidx.text._Z16PitchFeedForwardf
                0x08005208        0x0 CMakeFiles/PTZ_.elf.dir/Core/Src/controller.cpp.obj
                                  0x8 (size before relaxing)
 .ARM.exidx.text._Z41__static_initialization_and_destruction_0ii
                0x08005208        0x0 CMakeFiles/PTZ_.elf.dir/Core/Src/controller.cpp.obj
                                  0x8 (size before relaxing)
 .ARM.exidx.text._Z11MotorHandlev
                0x08005208        0x8 CMakeFiles/PTZ_.elf.dir/Core/Src/controller.cpp.obj
 .ARM.exidx.text._Z8RCHandlev
                0x08005210        0x8 CMakeFiles/PTZ_.elf.dir/Core/Src/controller.cpp.obj
 .ARM.exidx.text._Z11ControlLoopv
                0x08005218        0x8 CMakeFiles/PTZ_.elf.dir/Core/Src/controller.cpp.obj
 .ARM.exidx.text.HAL_TIM_PeriodElapsedCallback
                0x08005220        0x8 CMakeFiles/PTZ_.elf.dir/Core/Src/controller.cpp.obj
 .ARM.exidx.text.HAL_UART_RxCpltCallback
                0x08005228        0x8 CMakeFiles/PTZ_.elf.dir/Core/Src/controller.cpp.obj
 .ARM.exidx.text.HAL_CAN_RxFifo0MsgPendingCallback
                0x08005230        0x0 CMakeFiles/PTZ_.elf.dir/Core/Src/controller.cpp.obj
                                  0x8 (size before relaxing)
 .ARM.exidx.text._GLOBAL__sub_I_yaw_motor_control_stdid
                0x08005230        0x8 CMakeFiles/PTZ_.elf.dir/Core/Src/controller.cpp.obj
 .ARM.exidx.text._ZN5motorC2ENS_9MotorTypeEthRK3PIDS3_bfPFffE
                0x08005238        0x0 CMakeFiles/PTZ_.elf.dir/Core/Src/motor.cpp.obj
                                  0x8 (size before relaxing)
 .ARM.exidx.text._ZN5motor6HandleEv
                0x08005238        0x0 CMakeFiles/PTZ_.elf.dir/Core/Src/motor.cpp.obj
                                  0x8 (size before relaxing)
 .ARM.exidx.text._ZN5motor9RCControlEf
                0x08005238        0x0 CMakeFiles/PTZ_.elf.dir/Core/Src/motor.cpp.obj
                                  0x8 (size before relaxing)
 .ARM.exidx.text._Z9LinearMapIsdET0_T_S1_S1_S0_S0_
                0x08005238        0x0 CMakeFiles/PTZ_.elf.dir/Core/Src/motor.cpp.obj
                                  0x8 (size before relaxing)
 .ARM.exidx.text._Z9LinearMapIfiET0_T_S1_S1_S0_S0_
                0x08005238        0x0 CMakeFiles/PTZ_.elf.dir/Core/Src/motor.cpp.obj
                                  0x8 (size before relaxing)
 .ARM.exidx.text._ZN5motor12CalculatePIDEv
                0x08005238        0x8 CMakeFiles/PTZ_.elf.dir/Core/Src/motor.cpp.obj
 .ARM.exidx.text._ZN5motor16CanRxMsgCallbackEPKh
                0x08005240       0x10 CMakeFiles/PTZ_.elf.dir/Core/Src/motor.cpp.obj
                                  0x8 (size before relaxing)
 .ARM.exidx.text._Z5limitff
                0x08005250        0x0 CMakeFiles/PTZ_.elf.dir/Core/Src/tool.cpp.obj
                                  0x8 (size before relaxing)
                0x08005250                        __exidx_end = .
                0x08005250                        . = ALIGN (0x4)

.preinit_array  0x08005250        0x0
                0x08005250                        . = ALIGN (0x4)
                0x08005250                        PROVIDE (__preinit_array_start = .)
 *(.preinit_array*)
                0x08005250                        PROVIDE (__preinit_array_end = .)
                0x08005250                        . = ALIGN (0x4)

.init_array     0x08005250        0xc
                0x08005250                        . = ALIGN (0x4)
                0x08005250                        PROVIDE (__init_array_start = .)
 *(SORT_BY_NAME(.init_array.*))
 .init_array.00000
                0x08005250        0x4 D:/STM32Cube/STM32CubeCLT_1.16.0/GNU-tools-for-STM32/bin/../lib/gcc/arm-none-eabi/12.3.1/../../../../arm-none-eabi/lib/thumb/v7e-m/nofp\libg.a(libc_a-__call_atexit.o)
 *(.init_array*)
 .init_array    0x08005254        0x4 D:/STM32Cube/STM32CubeCLT_1.16.0/GNU-tools-for-STM32/bin/../lib/gcc/arm-none-eabi/12.3.1/thumb/v7e-m/nofp/crtbegin.o
 .init_array    0x08005258        0x4 CMakeFiles/PTZ_.elf.dir/Core/Src/controller.cpp.obj
                0x0800525c                        PROVIDE (__init_array_end = .)
                0x0800525c                        . = ALIGN (0x4)

.fini_array     0x0800525c        0x4
                0x0800525c                        . = ALIGN (0x4)
                0x0800525c                        PROVIDE (__fini_array_start = .)
 *(SORT_BY_NAME(.fini_array.*))
 *(.fini_array*)
 .fini_array    0x0800525c        0x4 D:/STM32Cube/STM32CubeCLT_1.16.0/GNU-tools-for-STM32/bin/../lib/gcc/arm-none-eabi/12.3.1/thumb/v7e-m/nofp/crtbegin.o
                0x08005260                        PROVIDE (__fini_array_end = .)
                0x08005260                        . = ALIGN (0x4)
                0x08005260                        _sidata = LOADADDR (.data)

.rel.dyn        0x08005260        0x0
 .rel.iplt      0x08005260        0x0 D:/STM32Cube/STM32CubeCLT_1.16.0/GNU-tools-for-STM32/bin/../lib/gcc/arm-none-eabi/12.3.1/thumb/v7e-m/nofp/crtbegin.o

.data           0x20000000      0x13c load address 0x08005260
                0x20000000                        . = ALIGN (0x4)
                0x20000000                        _sdata = .
 *(.data)
 *(.data*)
 .data.pitch_motor_control_stdid
                0x20000000        0x2 CMakeFiles/PTZ_.elf.dir/Core/Src/controller.cpp.obj
                0x20000000                pitch_motor_control_stdid
 *fill*         0x20000002        0x2 
 .data.SystemCoreClock
                0x20000004        0x4 CMakeFiles/PTZ_.elf.dir/Core/Src/system_stm32f4xx.c.obj
                0x20000004                SystemCoreClock
 .data.uwTickFreq
                0x20000008        0x1 CMakeFiles/PTZ_.elf.dir/Drivers/STM32F4xx_HAL_Driver/Src/stm32f4xx_hal.c.obj
                0x20000008                uwTickFreq
 *fill*         0x20000009        0x3 
 .data.uwTickPrio
                0x2000000c        0x4 CMakeFiles/PTZ_.elf.dir/Drivers/STM32F4xx_HAL_Driver/Src/stm32f4xx_hal.c.obj
                0x2000000c                uwTickPrio
 .data._impure_ptr
                0x20000010        0x4 D:/STM32Cube/STM32CubeCLT_1.16.0/GNU-tools-for-STM32/bin/../lib/gcc/arm-none-eabi/12.3.1/../../../../arm-none-eabi/lib/thumb/v7e-m/nofp\libg.a(libc_a-impure.o)
                0x20000010                _impure_ptr
 *fill*         0x20000014        0x4 
 .data._impure_data
                0x20000018      0x120 D:/STM32Cube/STM32CubeCLT_1.16.0/GNU-tools-for-STM32/bin/../lib/gcc/arm-none-eabi/12.3.1/../../../../arm-none-eabi/lib/thumb/v7e-m/nofp\libg.a(libc_a-impure.o)
                0x20000018                _impure_data
 .data.__atexit_recursive_mutex
                0x20000138        0x4 D:/STM32Cube/STM32CubeCLT_1.16.0/GNU-tools-for-STM32/bin/../lib/gcc/arm-none-eabi/12.3.1/../../../../arm-none-eabi/lib/thumb/v7e-m/nofp\libg.a(libc_a-__call_atexit.o)
                0x20000138                __atexit_recursive_mutex
 *(.RamFunc)
 *(.RamFunc*)
                0x2000013c                        . = ALIGN (0x4)
                0x2000013c                        _edata = .
                0x0800539c                        _siccmram = LOADADDR (.ccmram)

.igot.plt       0x2000013c        0x0 load address 0x0800539c
 .igot.plt      0x2000013c        0x0 D:/STM32Cube/STM32CubeCLT_1.16.0/GNU-tools-for-STM32/bin/../lib/gcc/arm-none-eabi/12.3.1/thumb/v7e-m/nofp/crtbegin.o

.ccmram         0x10000000        0x0 load address 0x0800539c
                0x10000000                        . = ALIGN (0x4)
                0x10000000                        _sccmram = .
 *(.ccmram)
 *(.ccmram*)
                0x10000000                        . = ALIGN (0x4)
                0x10000000                        _eccmram = .
                0x10000000                        . = ALIGN (0x4)

.bss            0x2000013c      0x5ac
                0x2000013c                        _sbss = .
                0x2000013c                        __bss_start__ = _sbss
 *(.bss)
 .bss           0x2000013c       0x1c D:/STM32Cube/STM32CubeCLT_1.16.0/GNU-tools-for-STM32/bin/../lib/gcc/arm-none-eabi/12.3.1/thumb/v7e-m/nofp/crtbegin.o
 *(.bss*)
 .bss.hcan1     0x20000158       0x28 CMakeFiles/PTZ_.elf.dir/Core/Src/can.c.obj
                0x20000158                hcan1
 .bss.rx_header
                0x20000180       0x1c CMakeFiles/PTZ_.elf.dir/Core/Src/controller.cpp.obj
                0x20000180                rx_header
 .bss.pitch_motor
                0x2000019c       0xc0 CMakeFiles/PTZ_.elf.dir/Core/Src/controller.cpp.obj
                0x2000019c                pitch_motor
 .bss.rc        0x2000025c       0x40 CMakeFiles/PTZ_.elf.dir/Core/Src/controller.cpp.obj
                0x2000025c                rc
 .bss.rx_data   0x2000029c        0x8 CMakeFiles/PTZ_.elf.dir/Core/Src/controller.cpp.obj
                0x2000029c                rx_data
 .bss.hiwdg     0x200002a4        0xc CMakeFiles/PTZ_.elf.dir/Core/Src/iwdg.c.obj
                0x200002a4                hiwdg
 .bss.tx_data2  0x200002b0        0x8 CMakeFiles/PTZ_.elf.dir/Core/Src/motor.cpp.obj
                0x200002b0                tx_data2
 .bss.tx_data1  0x200002b8        0x8 CMakeFiles/PTZ_.elf.dir/Core/Src/motor.cpp.obj
                0x200002b8                tx_data1
 .bss.htim6     0x200002c0       0x48 CMakeFiles/PTZ_.elf.dir/Core/Src/tim.c.obj
                0x200002c0                htim6
 .bss.hdma_usart3_tx
                0x20000308       0x60 CMakeFiles/PTZ_.elf.dir/Core/Src/usart.c.obj
                0x20000308                hdma_usart3_tx
 .bss.hdma_usart3_rx
                0x20000368       0x60 CMakeFiles/PTZ_.elf.dir/Core/Src/usart.c.obj
                0x20000368                hdma_usart3_rx
 .bss.huart3    0x200003c8       0x48 CMakeFiles/PTZ_.elf.dir/Core/Src/usart.c.obj
                0x200003c8                huart3
 .bss.uwTick    0x20000410        0x4 CMakeFiles/PTZ_.elf.dir/Drivers/STM32F4xx_HAL_Driver/Src/stm32f4xx_hal.c.obj
                0x20000410                uwTick
 .bss.__sf      0x20000414      0x138 D:/STM32Cube/STM32CubeCLT_1.16.0/GNU-tools-for-STM32/bin/../lib/gcc/arm-none-eabi/12.3.1/../../../../arm-none-eabi/lib/thumb/v7e-m/nofp\libg.a(libc_a-findfp.o)
                0x20000414                __sf
 .bss.errno     0x2000054c        0x4 D:/STM32Cube/STM32CubeCLT_1.16.0/GNU-tools-for-STM32/bin/../lib/gcc/arm-none-eabi/12.3.1/../../../../arm-none-eabi/lib/thumb/v7e-m/nofp\libg.a(libc_a-reent.o)
                0x2000054c                errno
 .bss.__lock___atexit_recursive_mutex
                0x20000550        0x1 D:/STM32Cube/STM32CubeCLT_1.16.0/GNU-tools-for-STM32/bin/../lib/gcc/arm-none-eabi/12.3.1/../../../../arm-none-eabi/lib/thumb/v7e-m/nofp\libg.a(libc_a-lock.o)
                0x20000550                __lock___atexit_recursive_mutex
 *fill*         0x20000551        0x3 
 .bss.__atexit  0x20000554        0x4 D:/STM32Cube/STM32CubeCLT_1.16.0/GNU-tools-for-STM32/bin/../lib/gcc/arm-none-eabi/12.3.1/../../../../arm-none-eabi/lib/thumb/v7e-m/nofp\libg.a(libc_a-__call_atexit.o)
                0x20000554                __atexit
 .bss.__atexit0
                0x20000558      0x190 D:/STM32Cube/STM32CubeCLT_1.16.0/GNU-tools-for-STM32/bin/../lib/gcc/arm-none-eabi/12.3.1/../../../../arm-none-eabi/lib/thumb/v7e-m/nofp\libg.a(libc_a-__atexit.o)
                0x20000558                __atexit0
 *(COMMON)
                0x200006e8                        . = ALIGN (0x4)
                0x200006e8                        _ebss = .
                0x200006e8                        __bss_end__ = _ebss

._user_heap_stack
                0x200006e8      0x600
                0x200006e8                        . = ALIGN (0x8)
                [!provide]                        PROVIDE (end = .)
                0x200006e8                        PROVIDE (_end = .)
                0x200008e8                        . = (. + _Min_Heap_Size)
 *fill*         0x200006e8      0x200 
                0x20000ce8                        . = (. + _Min_Stack_Size)
 *fill*         0x200008e8      0x400 
                0x20000ce8                        . = ALIGN (0x8)

/DISCARD/
 libc.a(*)
 libm.a(*)
 libgcc.a(*)

.ARM.attributes
                0x00000000       0x2a
 *(.ARM.attributes)
 .ARM.attributes
                0x00000000       0x1e D:/STM32Cube/STM32CubeCLT_1.16.0/GNU-tools-for-STM32/bin/../lib/gcc/arm-none-eabi/12.3.1/thumb/v7e-m/nofp/crti.o
 .ARM.attributes
                0x0000001e       0x2e D:/STM32Cube/STM32CubeCLT_1.16.0/GNU-tools-for-STM32/bin/../lib/gcc/arm-none-eabi/12.3.1/thumb/v7e-m/nofp/crtbegin.o
 .ARM.attributes
                0x0000004c       0x2e CMakeFiles/PTZ_.elf.dir/Core/Src/PID.cpp.obj
 .ARM.attributes
                0x0000007a       0x2e CMakeFiles/PTZ_.elf.dir/Core/Src/RC.cpp.obj
 .ARM.attributes
                0x000000a8       0x2e CMakeFiles/PTZ_.elf.dir/Core/Src/can.c.obj
 .ARM.attributes
                0x000000d6       0x2e CMakeFiles/PTZ_.elf.dir/Core/Src/controller.cpp.obj
 .ARM.attributes
                0x00000104       0x2e CMakeFiles/PTZ_.elf.dir/Core/Src/dma.c.obj
 .ARM.attributes
                0x00000132       0x2e CMakeFiles/PTZ_.elf.dir/Core/Src/gpio.c.obj
 .ARM.attributes
                0x00000160       0x2e CMakeFiles/PTZ_.elf.dir/Core/Src/iwdg.c.obj
 .ARM.attributes
                0x0000018e       0x2e CMakeFiles/PTZ_.elf.dir/Core/Src/main.c.obj
 .ARM.attributes
                0x000001bc       0x2e CMakeFiles/PTZ_.elf.dir/Core/Src/motor.cpp.obj
 .ARM.attributes
                0x000001ea       0x2e CMakeFiles/PTZ_.elf.dir/Core/Src/stm32f4xx_hal_msp.c.obj
 .ARM.attributes
                0x00000218       0x2e CMakeFiles/PTZ_.elf.dir/Core/Src/stm32f4xx_it.c.obj
 .ARM.attributes
                0x00000246       0x2e CMakeFiles/PTZ_.elf.dir/Core/Src/syscalls.c.obj
 .ARM.attributes
                0x00000274       0x2e CMakeFiles/PTZ_.elf.dir/Core/Src/system_stm32f4xx.c.obj
 .ARM.attributes
                0x000002a2       0x2e CMakeFiles/PTZ_.elf.dir/Core/Src/tim.c.obj
 .ARM.attributes
                0x000002d0       0x2e CMakeFiles/PTZ_.elf.dir/Core/Src/tool.cpp.obj
 .ARM.attributes
                0x000002fe       0x2e CMakeFiles/PTZ_.elf.dir/Core/Src/usart.c.obj
 .ARM.attributes
                0x0000032c       0x21 CMakeFiles/PTZ_.elf.dir/Core/Startup/startup_stm32f407ighx.s.obj
 .ARM.attributes
                0x0000034d       0x2e CMakeFiles/PTZ_.elf.dir/Drivers/STM32F4xx_HAL_Driver/Src/stm32f4xx_hal.c.obj
 .ARM.attributes
                0x0000037b       0x2e CMakeFiles/PTZ_.elf.dir/Drivers/STM32F4xx_HAL_Driver/Src/stm32f4xx_hal_can.c.obj
 .ARM.attributes
                0x000003a9       0x2e CMakeFiles/PTZ_.elf.dir/Drivers/STM32F4xx_HAL_Driver/Src/stm32f4xx_hal_cortex.c.obj
 .ARM.attributes
                0x000003d7       0x2e CMakeFiles/PTZ_.elf.dir/Drivers/STM32F4xx_HAL_Driver/Src/stm32f4xx_hal_dma.c.obj
 .ARM.attributes
                0x00000405       0x2e CMakeFiles/PTZ_.elf.dir/Drivers/STM32F4xx_HAL_Driver/Src/stm32f4xx_hal_gpio.c.obj
 .ARM.attributes
                0x00000433       0x2e CMakeFiles/PTZ_.elf.dir/Drivers/STM32F4xx_HAL_Driver/Src/stm32f4xx_hal_iwdg.c.obj
 .ARM.attributes
                0x00000461       0x2e CMakeFiles/PTZ_.elf.dir/Drivers/STM32F4xx_HAL_Driver/Src/stm32f4xx_hal_rcc.c.obj
 .ARM.attributes
                0x0000048f       0x2e CMakeFiles/PTZ_.elf.dir/Drivers/STM32F4xx_HAL_Driver/Src/stm32f4xx_hal_tim.c.obj
 .ARM.attributes
                0x000004bd       0x2e CMakeFiles/PTZ_.elf.dir/Drivers/STM32F4xx_HAL_Driver/Src/stm32f4xx_hal_tim_ex.c.obj
 .ARM.attributes
                0x000004eb       0x2e CMakeFiles/PTZ_.elf.dir/Drivers/STM32F4xx_HAL_Driver/Src/stm32f4xx_hal_uart.c.obj
 .ARM.attributes
                0x00000519       0x1e D:/STM32Cube/STM32CubeCLT_1.16.0/GNU-tools-for-STM32/bin/../lib/gcc/arm-none-eabi/12.3.1/thumb/v7e-m/nofp\libgcc.a(_arm_addsubdf3.o)
 .ARM.attributes
                0x00000537       0x1e D:/STM32Cube/STM32CubeCLT_1.16.0/GNU-tools-for-STM32/bin/../lib/gcc/arm-none-eabi/12.3.1/thumb/v7e-m/nofp\libgcc.a(_arm_muldivdf3.o)
 .ARM.attributes
                0x00000555       0x1e D:/STM32Cube/STM32CubeCLT_1.16.0/GNU-tools-for-STM32/bin/../lib/gcc/arm-none-eabi/12.3.1/thumb/v7e-m/nofp\libgcc.a(_arm_truncdfsf2.o)
 .ARM.attributes
                0x00000573       0x1e D:/STM32Cube/STM32CubeCLT_1.16.0/GNU-tools-for-STM32/bin/../lib/gcc/arm-none-eabi/12.3.1/thumb/v7e-m/nofp\libgcc.a(_arm_addsubsf3.o)
 .ARM.attributes
                0x00000591       0x1e D:/STM32Cube/STM32CubeCLT_1.16.0/GNU-tools-for-STM32/bin/../lib/gcc/arm-none-eabi/12.3.1/thumb/v7e-m/nofp\libgcc.a(_arm_muldivsf3.o)
 .ARM.attributes
                0x000005af       0x1e D:/STM32Cube/STM32CubeCLT_1.16.0/GNU-tools-for-STM32/bin/../lib/gcc/arm-none-eabi/12.3.1/thumb/v7e-m/nofp\libgcc.a(_arm_cmpsf2.o)
 .ARM.attributes
                0x000005cd       0x1e D:/STM32Cube/STM32CubeCLT_1.16.0/GNU-tools-for-STM32/bin/../lib/gcc/arm-none-eabi/12.3.1/thumb/v7e-m/nofp\libgcc.a(_arm_fixsfsi.o)
 .ARM.attributes
                0x000005eb       0x1e D:/STM32Cube/STM32CubeCLT_1.16.0/GNU-tools-for-STM32/bin/../lib/gcc/arm-none-eabi/12.3.1/thumb/v7e-m/nofp\libgcc.a(_aeabi_uldivmod.o)
 .ARM.attributes
                0x00000609       0x2e D:/STM32Cube/STM32CubeCLT_1.16.0/GNU-tools-for-STM32/bin/../lib/gcc/arm-none-eabi/12.3.1/thumb/v7e-m/nofp\libgcc.a(_udivmoddi4.o)
 .ARM.attributes
                0x00000637       0x2e D:/STM32Cube/STM32CubeCLT_1.16.0/GNU-tools-for-STM32/bin/../lib/gcc/arm-none-eabi/12.3.1/thumb/v7e-m/nofp\libgcc.a(unwind-arm.o)
 .ARM.attributes
                0x00000665       0x1e D:/STM32Cube/STM32CubeCLT_1.16.0/GNU-tools-for-STM32/bin/../lib/gcc/arm-none-eabi/12.3.1/thumb/v7e-m/nofp\libgcc.a(libunwind.o)
 .ARM.attributes
                0x00000683       0x2e D:/STM32Cube/STM32CubeCLT_1.16.0/GNU-tools-for-STM32/bin/../lib/gcc/arm-none-eabi/12.3.1/thumb/v7e-m/nofp\libgcc.a(pr-support.o)
 .ARM.attributes
                0x000006b1       0x1e D:/STM32Cube/STM32CubeCLT_1.16.0/GNU-tools-for-STM32/bin/../lib/gcc/arm-none-eabi/12.3.1/thumb/v7e-m/nofp\libgcc.a(_dvmd_tls.o)
 .ARM.attributes
                0x000006cf       0x2e D:/STM32Cube/STM32CubeCLT_1.16.0/GNU-tools-for-STM32/bin/../lib/gcc/arm-none-eabi/12.3.1/../../../../arm-none-eabi/lib/thumb/v7e-m/nofp\libg.a(libc_a-abort.o)
 .ARM.attributes
                0x000006fd       0x2e D:/STM32Cube/STM32CubeCLT_1.16.0/GNU-tools-for-STM32/bin/../lib/gcc/arm-none-eabi/12.3.1/../../../../arm-none-eabi/lib/thumb/v7e-m/nofp\libg.a(libc_a-findfp.o)
 .ARM.attributes
                0x0000072b       0x2e D:/STM32Cube/STM32CubeCLT_1.16.0/GNU-tools-for-STM32/bin/../lib/gcc/arm-none-eabi/12.3.1/../../../../arm-none-eabi/lib/thumb/v7e-m/nofp\libg.a(libc_a-memset.o)
 .ARM.attributes
                0x00000759       0x2e D:/STM32Cube/STM32CubeCLT_1.16.0/GNU-tools-for-STM32/bin/../lib/gcc/arm-none-eabi/12.3.1/../../../../arm-none-eabi/lib/thumb/v7e-m/nofp\libg.a(libc_a-signal.o)
 .ARM.attributes
                0x00000787       0x2e D:/STM32Cube/STM32CubeCLT_1.16.0/GNU-tools-for-STM32/bin/../lib/gcc/arm-none-eabi/12.3.1/../../../../arm-none-eabi/lib/thumb/v7e-m/nofp\libg.a(libc_a-reent.o)
 .ARM.attributes
                0x000007b5       0x2e D:/STM32Cube/STM32CubeCLT_1.16.0/GNU-tools-for-STM32/bin/../lib/gcc/arm-none-eabi/12.3.1/../../../../arm-none-eabi/lib/thumb/v7e-m/nofp\libg.a(libc_a-impure.o)
 .ARM.attributes
                0x000007e3       0x2e D:/STM32Cube/STM32CubeCLT_1.16.0/GNU-tools-for-STM32/bin/../lib/gcc/arm-none-eabi/12.3.1/../../../../arm-none-eabi/lib/thumb/v7e-m/nofp\libg.a(libc_a-signalr.o)
 .ARM.attributes
                0x00000811       0x2e D:/STM32Cube/STM32CubeCLT_1.16.0/GNU-tools-for-STM32/bin/../lib/gcc/arm-none-eabi/12.3.1/../../../../arm-none-eabi/lib/thumb/v7e-m/nofp\libg.a(libc_a-errno.o)
 .ARM.attributes
                0x0000083f       0x2e D:/STM32Cube/STM32CubeCLT_1.16.0/GNU-tools-for-STM32/bin/../lib/gcc/arm-none-eabi/12.3.1/../../../../arm-none-eabi/lib/thumb/v7e-m/nofp\libg.a(libc_a-init.o)
 .ARM.attributes
                0x0000086d       0x2e D:/STM32Cube/STM32CubeCLT_1.16.0/GNU-tools-for-STM32/bin/../lib/gcc/arm-none-eabi/12.3.1/../../../../arm-none-eabi/lib/thumb/v7e-m/nofp\libg.a(libc_a-lock.o)
 .ARM.attributes
                0x0000089b       0x2e D:/STM32Cube/STM32CubeCLT_1.16.0/GNU-tools-for-STM32/bin/../lib/gcc/arm-none-eabi/12.3.1/../../../../arm-none-eabi/lib/thumb/v7e-m/nofp\libg.a(libc_a-memcpy-stub.o)
 .ARM.attributes
                0x000008c9       0x2e D:/STM32Cube/STM32CubeCLT_1.16.0/GNU-tools-for-STM32/bin/../lib/gcc/arm-none-eabi/12.3.1/../../../../arm-none-eabi/lib/thumb/v7e-m/nofp\libg.a(libc_a-__call_atexit.o)
 .ARM.attributes
                0x000008f7       0x2e D:/STM32Cube/STM32CubeCLT_1.16.0/GNU-tools-for-STM32/bin/../lib/gcc/arm-none-eabi/12.3.1/../../../../arm-none-eabi/lib/thumb/v7e-m/nofp\libg.a(libc_a-atexit.o)
 .ARM.attributes
                0x00000925       0x2e D:/STM32Cube/STM32CubeCLT_1.16.0/GNU-tools-for-STM32/bin/../lib/gcc/arm-none-eabi/12.3.1/../../../../arm-none-eabi/lib/thumb/v7e-m/nofp\libg.a(libc_a-fini.o)
 .ARM.attributes
                0x00000953       0x2e D:/STM32Cube/STM32CubeCLT_1.16.0/GNU-tools-for-STM32/bin/../lib/gcc/arm-none-eabi/12.3.1/../../../../arm-none-eabi/lib/thumb/v7e-m/nofp\libg.a(libc_a-__atexit.o)
 .ARM.attributes
                0x00000981       0x1e D:/STM32Cube/STM32CubeCLT_1.16.0/GNU-tools-for-STM32/bin/../lib/gcc/arm-none-eabi/12.3.1/thumb/v7e-m/nofp/crtn.o
OUTPUT(PTZ_.elf elf32-littlearm)
LOAD linker stubs
LOAD D:/STM32Cube/STM32CubeCLT_1.16.0/GNU-tools-for-STM32/bin/../lib/gcc/arm-none-eabi/12.3.1/../../../../arm-none-eabi/lib/thumb/v7e-m/nofp\libc.a
LOAD D:/STM32Cube/STM32CubeCLT_1.16.0/GNU-tools-for-STM32/bin/../lib/gcc/arm-none-eabi/12.3.1/../../../../arm-none-eabi/lib/thumb/v7e-m/nofp\libm.a
LOAD D:/STM32Cube/STM32CubeCLT_1.16.0/GNU-tools-for-STM32/bin/../lib/gcc/arm-none-eabi/12.3.1/thumb/v7e-m/nofp\libgcc.a

.debug_info     0x00000000    0x1ad01
 .debug_info    0x00000000      0x31b CMakeFiles/PTZ_.elf.dir/Core/Src/PID.cpp.obj
 .debug_info    0x0000031b      0xcc6 CMakeFiles/PTZ_.elf.dir/Core/Src/RC.cpp.obj
 .debug_info    0x00000fe1      0xb5c CMakeFiles/PTZ_.elf.dir/Core/Src/can.c.obj
 .debug_info    0x00001b3d     0x1c3f CMakeFiles/PTZ_.elf.dir/Core/Src/controller.cpp.obj
 .debug_info    0x0000377c      0x50d CMakeFiles/PTZ_.elf.dir/Core/Src/dma.c.obj
 .debug_info    0x00003c89      0x29b CMakeFiles/PTZ_.elf.dir/Core/Src/gpio.c.obj
 .debug_info    0x00003f24      0x1d6 CMakeFiles/PTZ_.elf.dir/Core/Src/iwdg.c.obj
 .debug_info    0x000040fa      0x586 CMakeFiles/PTZ_.elf.dir/Core/Src/main.c.obj
 .debug_info    0x00004680      0xb39 CMakeFiles/PTZ_.elf.dir/Core/Src/motor.cpp.obj
 .debug_info    0x000051b9      0x265 CMakeFiles/PTZ_.elf.dir/Core/Src/stm32f4xx_hal_msp.c.obj
 .debug_info    0x0000541e      0xe18 CMakeFiles/PTZ_.elf.dir/Core/Src/stm32f4xx_it.c.obj
 .debug_info    0x00006236      0x783 CMakeFiles/PTZ_.elf.dir/Core/Src/syscalls.c.obj
 .debug_info    0x000069b9      0x334 CMakeFiles/PTZ_.elf.dir/Core/Src/system_stm32f4xx.c.obj
 .debug_info    0x00006ced      0xc15 CMakeFiles/PTZ_.elf.dir/Core/Src/tim.c.obj
 .debug_info    0x00007902      0x178 CMakeFiles/PTZ_.elf.dir/Core/Src/tool.cpp.obj
 .debug_info    0x00007a7a      0xcd4 CMakeFiles/PTZ_.elf.dir/Core/Src/usart.c.obj
 .debug_info    0x0000874e       0x30 CMakeFiles/PTZ_.elf.dir/Core/Startup/startup_stm32f407ighx.s.obj
 .debug_info    0x0000877e      0x9e2 CMakeFiles/PTZ_.elf.dir/Drivers/STM32F4xx_HAL_Driver/Src/stm32f4xx_hal.c.obj
 .debug_info    0x00009160     0x11f7 CMakeFiles/PTZ_.elf.dir/Drivers/STM32F4xx_HAL_Driver/Src/stm32f4xx_hal_can.c.obj
 .debug_info    0x0000a357      0xfbb CMakeFiles/PTZ_.elf.dir/Drivers/STM32F4xx_HAL_Driver/Src/stm32f4xx_hal_cortex.c.obj
 .debug_info    0x0000b312      0xad9 CMakeFiles/PTZ_.elf.dir/Drivers/STM32F4xx_HAL_Driver/Src/stm32f4xx_hal_dma.c.obj
 .debug_info    0x0000bdeb      0x704 CMakeFiles/PTZ_.elf.dir/Drivers/STM32F4xx_HAL_Driver/Src/stm32f4xx_hal_gpio.c.obj
 .debug_info    0x0000c4ef      0x1f5 CMakeFiles/PTZ_.elf.dir/Drivers/STM32F4xx_HAL_Driver/Src/stm32f4xx_hal_iwdg.c.obj
 .debug_info    0x0000c6e4      0xa6d CMakeFiles/PTZ_.elf.dir/Drivers/STM32F4xx_HAL_Driver/Src/stm32f4xx_hal_rcc.c.obj
 .debug_info    0x0000d151     0x3be0 CMakeFiles/PTZ_.elf.dir/Drivers/STM32F4xx_HAL_Driver/Src/stm32f4xx_hal_tim.c.obj
 .debug_info    0x00010d31     0x1ac8 CMakeFiles/PTZ_.elf.dir/Drivers/STM32F4xx_HAL_Driver/Src/stm32f4xx_hal_tim_ex.c.obj
 .debug_info    0x000127f9     0x3fcf CMakeFiles/PTZ_.elf.dir/Drivers/STM32F4xx_HAL_Driver/Src/stm32f4xx_hal_uart.c.obj
 .debug_info    0x000167c8       0xd8 D:/STM32Cube/STM32CubeCLT_1.16.0/GNU-tools-for-STM32/bin/../lib/gcc/arm-none-eabi/12.3.1/../../../../arm-none-eabi/lib/thumb/v7e-m/nofp\libg.a(libc_a-abort.o)
 .debug_info    0x000168a0      0xfc5 D:/STM32Cube/STM32CubeCLT_1.16.0/GNU-tools-for-STM32/bin/../lib/gcc/arm-none-eabi/12.3.1/../../../../arm-none-eabi/lib/thumb/v7e-m/nofp\libg.a(libc_a-findfp.o)
 .debug_info    0x00017865       0xe0 D:/STM32Cube/STM32CubeCLT_1.16.0/GNU-tools-for-STM32/bin/../lib/gcc/arm-none-eabi/12.3.1/../../../../arm-none-eabi/lib/thumb/v7e-m/nofp\libg.a(libc_a-memset.o)
 .debug_info    0x00017945      0xa0d D:/STM32Cube/STM32CubeCLT_1.16.0/GNU-tools-for-STM32/bin/../lib/gcc/arm-none-eabi/12.3.1/../../../../arm-none-eabi/lib/thumb/v7e-m/nofp\libg.a(libc_a-signal.o)
 .debug_info    0x00018352      0x7e7 D:/STM32Cube/STM32CubeCLT_1.16.0/GNU-tools-for-STM32/bin/../lib/gcc/arm-none-eabi/12.3.1/../../../../arm-none-eabi/lib/thumb/v7e-m/nofp\libg.a(libc_a-reent.o)
 .debug_info    0x00018b39      0x733 D:/STM32Cube/STM32CubeCLT_1.16.0/GNU-tools-for-STM32/bin/../lib/gcc/arm-none-eabi/12.3.1/../../../../arm-none-eabi/lib/thumb/v7e-m/nofp\libg.a(libc_a-impure.o)
 .debug_info    0x0001926c      0x7fb D:/STM32Cube/STM32CubeCLT_1.16.0/GNU-tools-for-STM32/bin/../lib/gcc/arm-none-eabi/12.3.1/../../../../arm-none-eabi/lib/thumb/v7e-m/nofp\libg.a(libc_a-signalr.o)
 .debug_info    0x00019a67      0x719 D:/STM32Cube/STM32CubeCLT_1.16.0/GNU-tools-for-STM32/bin/../lib/gcc/arm-none-eabi/12.3.1/../../../../arm-none-eabi/lib/thumb/v7e-m/nofp\libg.a(libc_a-errno.o)
 .debug_info    0x0001a180      0x10b D:/STM32Cube/STM32CubeCLT_1.16.0/GNU-tools-for-STM32/bin/../lib/gcc/arm-none-eabi/12.3.1/../../../../arm-none-eabi/lib/thumb/v7e-m/nofp\libg.a(libc_a-init.o)
 .debug_info    0x0001a28b      0x20a D:/STM32Cube/STM32CubeCLT_1.16.0/GNU-tools-for-STM32/bin/../lib/gcc/arm-none-eabi/12.3.1/../../../../arm-none-eabi/lib/thumb/v7e-m/nofp\libg.a(libc_a-lock.o)
 .debug_info    0x0001a495      0x121 D:/STM32Cube/STM32CubeCLT_1.16.0/GNU-tools-for-STM32/bin/../lib/gcc/arm-none-eabi/12.3.1/../../../../arm-none-eabi/lib/thumb/v7e-m/nofp\libg.a(libc_a-memcpy-stub.o)
 .debug_info    0x0001a5b6      0x2dd D:/STM32Cube/STM32CubeCLT_1.16.0/GNU-tools-for-STM32/bin/../lib/gcc/arm-none-eabi/12.3.1/../../../../arm-none-eabi/lib/thumb/v7e-m/nofp\libg.a(libc_a-__call_atexit.o)
 .debug_info    0x0001a893      0x118 D:/STM32Cube/STM32CubeCLT_1.16.0/GNU-tools-for-STM32/bin/../lib/gcc/arm-none-eabi/12.3.1/../../../../arm-none-eabi/lib/thumb/v7e-m/nofp\libg.a(libc_a-atexit.o)
 .debug_info    0x0001a9ab       0xf7 D:/STM32Cube/STM32CubeCLT_1.16.0/GNU-tools-for-STM32/bin/../lib/gcc/arm-none-eabi/12.3.1/../../../../arm-none-eabi/lib/thumb/v7e-m/nofp\libg.a(libc_a-fini.o)
 .debug_info    0x0001aaa2      0x25f D:/STM32Cube/STM32CubeCLT_1.16.0/GNU-tools-for-STM32/bin/../lib/gcc/arm-none-eabi/12.3.1/../../../../arm-none-eabi/lib/thumb/v7e-m/nofp\libg.a(libc_a-__atexit.o)

.debug_abbrev   0x00000000     0x4f26
 .debug_abbrev  0x00000000      0x1ab CMakeFiles/PTZ_.elf.dir/Core/Src/PID.cpp.obj
 .debug_abbrev  0x000001ab      0x31e CMakeFiles/PTZ_.elf.dir/Core/Src/RC.cpp.obj
 .debug_abbrev  0x000004c9      0x23d CMakeFiles/PTZ_.elf.dir/Core/Src/can.c.obj
 .debug_abbrev  0x00000706      0x424 CMakeFiles/PTZ_.elf.dir/Core/Src/controller.cpp.obj
 .debug_abbrev  0x00000b2a      0x12b CMakeFiles/PTZ_.elf.dir/Core/Src/dma.c.obj
 .debug_abbrev  0x00000c55       0xd6 CMakeFiles/PTZ_.elf.dir/Core/Src/gpio.c.obj
 .debug_abbrev  0x00000d2b      0x143 CMakeFiles/PTZ_.elf.dir/Core/Src/iwdg.c.obj
 .debug_abbrev  0x00000e6e      0x1e8 CMakeFiles/PTZ_.elf.dir/Core/Src/main.c.obj
 .debug_abbrev  0x00001056      0x315 CMakeFiles/PTZ_.elf.dir/Core/Src/motor.cpp.obj
 .debug_abbrev  0x0000136b       0xd6 CMakeFiles/PTZ_.elf.dir/Core/Src/stm32f4xx_hal_msp.c.obj
 .debug_abbrev  0x00001441      0x203 CMakeFiles/PTZ_.elf.dir/Core/Src/stm32f4xx_it.c.obj
 .debug_abbrev  0x00001644      0x1c1 CMakeFiles/PTZ_.elf.dir/Core/Src/syscalls.c.obj
 .debug_abbrev  0x00001805      0x120 CMakeFiles/PTZ_.elf.dir/Core/Src/system_stm32f4xx.c.obj
 .debug_abbrev  0x00001925      0x220 CMakeFiles/PTZ_.elf.dir/Core/Src/tim.c.obj
 .debug_abbrev  0x00001b45       0xef CMakeFiles/PTZ_.elf.dir/Core/Src/tool.cpp.obj
 .debug_abbrev  0x00001c34      0x24c CMakeFiles/PTZ_.elf.dir/Core/Src/usart.c.obj
 .debug_abbrev  0x00001e80       0x24 CMakeFiles/PTZ_.elf.dir/Core/Startup/startup_stm32f407ighx.s.obj
 .debug_abbrev  0x00001ea4      0x240 CMakeFiles/PTZ_.elf.dir/Drivers/STM32F4xx_HAL_Driver/Src/stm32f4xx_hal.c.obj
 .debug_abbrev  0x000020e4      0x27b CMakeFiles/PTZ_.elf.dir/Drivers/STM32F4xx_HAL_Driver/Src/stm32f4xx_hal_can.c.obj
 .debug_abbrev  0x0000235f      0x391 CMakeFiles/PTZ_.elf.dir/Drivers/STM32F4xx_HAL_Driver/Src/stm32f4xx_hal_cortex.c.obj
 .debug_abbrev  0x000026f0      0x2c0 CMakeFiles/PTZ_.elf.dir/Drivers/STM32F4xx_HAL_Driver/Src/stm32f4xx_hal_dma.c.obj
 .debug_abbrev  0x000029b0      0x202 CMakeFiles/PTZ_.elf.dir/Drivers/STM32F4xx_HAL_Driver/Src/stm32f4xx_hal_gpio.c.obj
 .debug_abbrev  0x00002bb2      0x139 CMakeFiles/PTZ_.elf.dir/Drivers/STM32F4xx_HAL_Driver/Src/stm32f4xx_hal_iwdg.c.obj
 .debug_abbrev  0x00002ceb      0x2c7 CMakeFiles/PTZ_.elf.dir/Drivers/STM32F4xx_HAL_Driver/Src/stm32f4xx_hal_rcc.c.obj
 .debug_abbrev  0x00002fb2      0x271 CMakeFiles/PTZ_.elf.dir/Drivers/STM32F4xx_HAL_Driver/Src/stm32f4xx_hal_tim.c.obj
 .debug_abbrev  0x00003223      0x26f CMakeFiles/PTZ_.elf.dir/Drivers/STM32F4xx_HAL_Driver/Src/stm32f4xx_hal_tim_ex.c.obj
 .debug_abbrev  0x00003492      0x32f CMakeFiles/PTZ_.elf.dir/Drivers/STM32F4xx_HAL_Driver/Src/stm32f4xx_hal_uart.c.obj
 .debug_abbrev  0x000037c1       0x99 D:/STM32Cube/STM32CubeCLT_1.16.0/GNU-tools-for-STM32/bin/../lib/gcc/arm-none-eabi/12.3.1/../../../../arm-none-eabi/lib/thumb/v7e-m/nofp\libg.a(libc_a-abort.o)
 .debug_abbrev  0x0000385a      0x462 D:/STM32Cube/STM32CubeCLT_1.16.0/GNU-tools-for-STM32/bin/../lib/gcc/arm-none-eabi/12.3.1/../../../../arm-none-eabi/lib/thumb/v7e-m/nofp\libg.a(libc_a-findfp.o)
 .debug_abbrev  0x00003cbc       0x9e D:/STM32Cube/STM32CubeCLT_1.16.0/GNU-tools-for-STM32/bin/../lib/gcc/arm-none-eabi/12.3.1/../../../../arm-none-eabi/lib/thumb/v7e-m/nofp\libg.a(libc_a-memset.o)
 .debug_abbrev  0x00003d5a      0x28a D:/STM32Cube/STM32CubeCLT_1.16.0/GNU-tools-for-STM32/bin/../lib/gcc/arm-none-eabi/12.3.1/../../../../arm-none-eabi/lib/thumb/v7e-m/nofp\libg.a(libc_a-signal.o)
 .debug_abbrev  0x00003fe4      0x229 D:/STM32Cube/STM32CubeCLT_1.16.0/GNU-tools-for-STM32/bin/../lib/gcc/arm-none-eabi/12.3.1/../../../../arm-none-eabi/lib/thumb/v7e-m/nofp\libg.a(libc_a-reent.o)
 .debug_abbrev  0x0000420d      0x185 D:/STM32Cube/STM32CubeCLT_1.16.0/GNU-tools-for-STM32/bin/../lib/gcc/arm-none-eabi/12.3.1/../../../../arm-none-eabi/lib/thumb/v7e-m/nofp\libg.a(libc_a-impure.o)
 .debug_abbrev  0x00004392      0x239 D:/STM32Cube/STM32CubeCLT_1.16.0/GNU-tools-for-STM32/bin/../lib/gcc/arm-none-eabi/12.3.1/../../../../arm-none-eabi/lib/thumb/v7e-m/nofp\libg.a(libc_a-signalr.o)
 .debug_abbrev  0x000045cb      0x19a D:/STM32Cube/STM32CubeCLT_1.16.0/GNU-tools-for-STM32/bin/../lib/gcc/arm-none-eabi/12.3.1/../../../../arm-none-eabi/lib/thumb/v7e-m/nofp\libg.a(libc_a-errno.o)
 .debug_abbrev  0x00004765       0xc9 D:/STM32Cube/STM32CubeCLT_1.16.0/GNU-tools-for-STM32/bin/../lib/gcc/arm-none-eabi/12.3.1/../../../../arm-none-eabi/lib/thumb/v7e-m/nofp\libg.a(libc_a-init.o)
 .debug_abbrev  0x0000482e      0x115 D:/STM32Cube/STM32CubeCLT_1.16.0/GNU-tools-for-STM32/bin/../lib/gcc/arm-none-eabi/12.3.1/../../../../arm-none-eabi/lib/thumb/v7e-m/nofp\libg.a(libc_a-lock.o)
 .debug_abbrev  0x00004943       0xc1 D:/STM32Cube/STM32CubeCLT_1.16.0/GNU-tools-for-STM32/bin/../lib/gcc/arm-none-eabi/12.3.1/../../../../arm-none-eabi/lib/thumb/v7e-m/nofp\libg.a(libc_a-memcpy-stub.o)
 .debug_abbrev  0x00004a04      0x20c D:/STM32Cube/STM32CubeCLT_1.16.0/GNU-tools-for-STM32/bin/../lib/gcc/arm-none-eabi/12.3.1/../../../../arm-none-eabi/lib/thumb/v7e-m/nofp\libg.a(libc_a-__call_atexit.o)
 .debug_abbrev  0x00004c10       0xc1 D:/STM32Cube/STM32CubeCLT_1.16.0/GNU-tools-for-STM32/bin/../lib/gcc/arm-none-eabi/12.3.1/../../../../arm-none-eabi/lib/thumb/v7e-m/nofp\libg.a(libc_a-atexit.o)
 .debug_abbrev  0x00004cd1       0xcc D:/STM32Cube/STM32CubeCLT_1.16.0/GNU-tools-for-STM32/bin/../lib/gcc/arm-none-eabi/12.3.1/../../../../arm-none-eabi/lib/thumb/v7e-m/nofp\libg.a(libc_a-fini.o)
 .debug_abbrev  0x00004d9d      0x189 D:/STM32Cube/STM32CubeCLT_1.16.0/GNU-tools-for-STM32/bin/../lib/gcc/arm-none-eabi/12.3.1/../../../../arm-none-eabi/lib/thumb/v7e-m/nofp\libg.a(libc_a-__atexit.o)

.debug_loclists
                0x00000000     0x9ebf
 .debug_loclists
                0x00000000       0x6e CMakeFiles/PTZ_.elf.dir/Core/Src/PID.cpp.obj
 .debug_loclists
                0x0000006e      0x167 CMakeFiles/PTZ_.elf.dir/Core/Src/RC.cpp.obj
 .debug_loclists
                0x000001d5       0x5c CMakeFiles/PTZ_.elf.dir/Core/Src/can.c.obj
 .debug_loclists
                0x00000231       0xcb CMakeFiles/PTZ_.elf.dir/Core/Src/controller.cpp.obj
 .debug_loclists
                0x000002fc      0x31b CMakeFiles/PTZ_.elf.dir/Core/Src/motor.cpp.obj
 .debug_loclists
                0x00000617      0x25b CMakeFiles/PTZ_.elf.dir/Core/Src/syscalls.c.obj
 .debug_loclists
                0x00000872       0xdb CMakeFiles/PTZ_.elf.dir/Core/Src/system_stm32f4xx.c.obj
 .debug_loclists
                0x0000094d       0x4b CMakeFiles/PTZ_.elf.dir/Core/Src/tim.c.obj
 .debug_loclists
                0x00000998       0x40 CMakeFiles/PTZ_.elf.dir/Core/Src/tool.cpp.obj
 .debug_loclists
                0x000009d8       0x50 CMakeFiles/PTZ_.elf.dir/Core/Src/usart.c.obj
 .debug_loclists
                0x00000a28       0xc9 CMakeFiles/PTZ_.elf.dir/Drivers/STM32F4xx_HAL_Driver/Src/stm32f4xx_hal.c.obj
 .debug_loclists
                0x00000af1      0x85b CMakeFiles/PTZ_.elf.dir/Drivers/STM32F4xx_HAL_Driver/Src/stm32f4xx_hal_can.c.obj
 .debug_loclists
                0x0000134c      0x439 CMakeFiles/PTZ_.elf.dir/Drivers/STM32F4xx_HAL_Driver/Src/stm32f4xx_hal_cortex.c.obj
 .debug_loclists
                0x00001785      0x763 CMakeFiles/PTZ_.elf.dir/Drivers/STM32F4xx_HAL_Driver/Src/stm32f4xx_hal_dma.c.obj
 .debug_loclists
                0x00001ee8      0x356 CMakeFiles/PTZ_.elf.dir/Drivers/STM32F4xx_HAL_Driver/Src/stm32f4xx_hal_gpio.c.obj
 .debug_loclists
                0x0000223e       0x5c CMakeFiles/PTZ_.elf.dir/Drivers/STM32F4xx_HAL_Driver/Src/stm32f4xx_hal_iwdg.c.obj
 .debug_loclists
                0x0000229a      0x3a9 CMakeFiles/PTZ_.elf.dir/Drivers/STM32F4xx_HAL_Driver/Src/stm32f4xx_hal_rcc.c.obj
 .debug_loclists
                0x00002643     0x3331 CMakeFiles/PTZ_.elf.dir/Drivers/STM32F4xx_HAL_Driver/Src/stm32f4xx_hal_tim.c.obj
 .debug_loclists
                0x00005974     0x129a CMakeFiles/PTZ_.elf.dir/Drivers/STM32F4xx_HAL_Driver/Src/stm32f4xx_hal_tim_ex.c.obj
 .debug_loclists
                0x00006c0e     0x29f1 CMakeFiles/PTZ_.elf.dir/Drivers/STM32F4xx_HAL_Driver/Src/stm32f4xx_hal_uart.c.obj
 .debug_loclists
                0x000095ff      0x252 D:/STM32Cube/STM32CubeCLT_1.16.0/GNU-tools-for-STM32/bin/../lib/gcc/arm-none-eabi/12.3.1/../../../../arm-none-eabi/lib/thumb/v7e-m/nofp\libg.a(libc_a-findfp.o)
 .debug_loclists
                0x00009851       0x47 D:/STM32Cube/STM32CubeCLT_1.16.0/GNU-tools-for-STM32/bin/../lib/gcc/arm-none-eabi/12.3.1/../../../../arm-none-eabi/lib/thumb/v7e-m/nofp\libg.a(libc_a-memset.o)
 .debug_loclists
                0x00009898      0x281 D:/STM32Cube/STM32CubeCLT_1.16.0/GNU-tools-for-STM32/bin/../lib/gcc/arm-none-eabi/12.3.1/../../../../arm-none-eabi/lib/thumb/v7e-m/nofp\libg.a(libc_a-signal.o)
 .debug_loclists
                0x00009b19       0x68 D:/STM32Cube/STM32CubeCLT_1.16.0/GNU-tools-for-STM32/bin/../lib/gcc/arm-none-eabi/12.3.1/../../../../arm-none-eabi/lib/thumb/v7e-m/nofp\libg.a(libc_a-reent.o)
 .debug_loclists
                0x00009b81       0x81 D:/STM32Cube/STM32CubeCLT_1.16.0/GNU-tools-for-STM32/bin/../lib/gcc/arm-none-eabi/12.3.1/../../../../arm-none-eabi/lib/thumb/v7e-m/nofp\libg.a(libc_a-signalr.o)
 .debug_loclists
                0x00009c02       0x44 D:/STM32Cube/STM32CubeCLT_1.16.0/GNU-tools-for-STM32/bin/../lib/gcc/arm-none-eabi/12.3.1/../../../../arm-none-eabi/lib/thumb/v7e-m/nofp\libg.a(libc_a-init.o)
 .debug_loclists
                0x00009c46       0x23 D:/STM32Cube/STM32CubeCLT_1.16.0/GNU-tools-for-STM32/bin/../lib/gcc/arm-none-eabi/12.3.1/../../../../arm-none-eabi/lib/thumb/v7e-m/nofp\libg.a(libc_a-lock.o)
 .debug_loclists
                0x00009c69       0x8f D:/STM32Cube/STM32CubeCLT_1.16.0/GNU-tools-for-STM32/bin/../lib/gcc/arm-none-eabi/12.3.1/../../../../arm-none-eabi/lib/thumb/v7e-m/nofp\libg.a(libc_a-memcpy-stub.o)
 .debug_loclists
                0x00009cf8       0xd4 D:/STM32Cube/STM32CubeCLT_1.16.0/GNU-tools-for-STM32/bin/../lib/gcc/arm-none-eabi/12.3.1/../../../../arm-none-eabi/lib/thumb/v7e-m/nofp\libg.a(libc_a-__call_atexit.o)
 .debug_loclists
                0x00009dcc       0x2a D:/STM32Cube/STM32CubeCLT_1.16.0/GNU-tools-for-STM32/bin/../lib/gcc/arm-none-eabi/12.3.1/../../../../arm-none-eabi/lib/thumb/v7e-m/nofp\libg.a(libc_a-atexit.o)
 .debug_loclists
                0x00009df6       0x3b D:/STM32Cube/STM32CubeCLT_1.16.0/GNU-tools-for-STM32/bin/../lib/gcc/arm-none-eabi/12.3.1/../../../../arm-none-eabi/lib/thumb/v7e-m/nofp\libg.a(libc_a-fini.o)
 .debug_loclists
                0x00009e31       0x8e D:/STM32Cube/STM32CubeCLT_1.16.0/GNU-tools-for-STM32/bin/../lib/gcc/arm-none-eabi/12.3.1/../../../../arm-none-eabi/lib/thumb/v7e-m/nofp\libg.a(libc_a-__atexit.o)

.debug_aranges  0x00000000     0x12c0
 .debug_aranges
                0x00000000       0x28 CMakeFiles/PTZ_.elf.dir/Core/Src/PID.cpp.obj
 .debug_aranges
                0x00000028       0x38 CMakeFiles/PTZ_.elf.dir/Core/Src/RC.cpp.obj
 .debug_aranges
                0x00000060       0x30 CMakeFiles/PTZ_.elf.dir/Core/Src/can.c.obj
 .debug_aranges
                0x00000090       0x68 CMakeFiles/PTZ_.elf.dir/Core/Src/controller.cpp.obj
 .debug_aranges
                0x000000f8       0x20 CMakeFiles/PTZ_.elf.dir/Core/Src/dma.c.obj
 .debug_aranges
                0x00000118       0x20 CMakeFiles/PTZ_.elf.dir/Core/Src/gpio.c.obj
 .debug_aranges
                0x00000138       0x20 CMakeFiles/PTZ_.elf.dir/Core/Src/iwdg.c.obj
 .debug_aranges
                0x00000158       0x30 CMakeFiles/PTZ_.elf.dir/Core/Src/main.c.obj
 .debug_aranges
                0x00000188       0x60 CMakeFiles/PTZ_.elf.dir/Core/Src/motor.cpp.obj
 .debug_aranges
                0x000001e8       0x20 CMakeFiles/PTZ_.elf.dir/Core/Src/stm32f4xx_hal_msp.c.obj
 .debug_aranges
                0x00000208       0x88 CMakeFiles/PTZ_.elf.dir/Core/Src/stm32f4xx_it.c.obj
 .debug_aranges
                0x00000290       0xa8 CMakeFiles/PTZ_.elf.dir/Core/Src/syscalls.c.obj
 .debug_aranges
                0x00000338       0x28 CMakeFiles/PTZ_.elf.dir/Core/Src/system_stm32f4xx.c.obj
 .debug_aranges
                0x00000360       0x30 CMakeFiles/PTZ_.elf.dir/Core/Src/tim.c.obj
 .debug_aranges
                0x00000390       0x20 CMakeFiles/PTZ_.elf.dir/Core/Src/tool.cpp.obj
 .debug_aranges
                0x000003b0       0x30 CMakeFiles/PTZ_.elf.dir/Core/Src/usart.c.obj
 .debug_aranges
                0x000003e0       0x28 CMakeFiles/PTZ_.elf.dir/Core/Startup/startup_stm32f407ighx.s.obj
 .debug_aranges
                0x00000408       0xf0 CMakeFiles/PTZ_.elf.dir/Drivers/STM32F4xx_HAL_Driver/Src/stm32f4xx_hal.c.obj
 .debug_aranges
                0x000004f8      0x138 CMakeFiles/PTZ_.elf.dir/Drivers/STM32F4xx_HAL_Driver/Src/stm32f4xx_hal_can.c.obj
 .debug_aranges
                0x00000630       0xf8 CMakeFiles/PTZ_.elf.dir/Drivers/STM32F4xx_HAL_Driver/Src/stm32f4xx_hal_cortex.c.obj
 .debug_aranges
                0x00000728       0x90 CMakeFiles/PTZ_.elf.dir/Drivers/STM32F4xx_HAL_Driver/Src/stm32f4xx_hal_dma.c.obj
 .debug_aranges
                0x000007b8       0x58 CMakeFiles/PTZ_.elf.dir/Drivers/STM32F4xx_HAL_Driver/Src/stm32f4xx_hal_gpio.c.obj
 .debug_aranges
                0x00000810       0x28 CMakeFiles/PTZ_.elf.dir/Drivers/STM32F4xx_HAL_Driver/Src/stm32f4xx_hal_iwdg.c.obj
 .debug_aranges
                0x00000838       0x88 CMakeFiles/PTZ_.elf.dir/Drivers/STM32F4xx_HAL_Driver/Src/stm32f4xx_hal_rcc.c.obj
 .debug_aranges
                0x000008c0      0x3d0 CMakeFiles/PTZ_.elf.dir/Drivers/STM32F4xx_HAL_Driver/Src/stm32f4xx_hal_tim.c.obj
 .debug_aranges
                0x00000c90      0x168 CMakeFiles/PTZ_.elf.dir/Drivers/STM32F4xx_HAL_Driver/Src/stm32f4xx_hal_tim_ex.c.obj
 .debug_aranges
                0x00000df8      0x208 CMakeFiles/PTZ_.elf.dir/Drivers/STM32F4xx_HAL_Driver/Src/stm32f4xx_hal_uart.c.obj
 .debug_aranges
                0x00001000       0x20 D:/STM32Cube/STM32CubeCLT_1.16.0/GNU-tools-for-STM32/bin/../lib/gcc/arm-none-eabi/12.3.1/../../../../arm-none-eabi/lib/thumb/v7e-m/nofp\libg.a(libc_a-abort.o)
 .debug_aranges
                0x00001020       0x78 D:/STM32Cube/STM32CubeCLT_1.16.0/GNU-tools-for-STM32/bin/../lib/gcc/arm-none-eabi/12.3.1/../../../../arm-none-eabi/lib/thumb/v7e-m/nofp\libg.a(libc_a-findfp.o)
 .debug_aranges
                0x00001098       0x20 D:/STM32Cube/STM32CubeCLT_1.16.0/GNU-tools-for-STM32/bin/../lib/gcc/arm-none-eabi/12.3.1/../../../../arm-none-eabi/lib/thumb/v7e-m/nofp\libg.a(libc_a-memset.o)
 .debug_aranges
                0x000010b8       0x58 D:/STM32Cube/STM32CubeCLT_1.16.0/GNU-tools-for-STM32/bin/../lib/gcc/arm-none-eabi/12.3.1/../../../../arm-none-eabi/lib/thumb/v7e-m/nofp\libg.a(libc_a-signal.o)
 .debug_aranges
                0x00001110       0x20 D:/STM32Cube/STM32CubeCLT_1.16.0/GNU-tools-for-STM32/bin/../lib/gcc/arm-none-eabi/12.3.1/../../../../arm-none-eabi/lib/thumb/v7e-m/nofp\libg.a(libc_a-reent.o)
 .debug_aranges
                0x00001130       0x18 D:/STM32Cube/STM32CubeCLT_1.16.0/GNU-tools-for-STM32/bin/../lib/gcc/arm-none-eabi/12.3.1/../../../../arm-none-eabi/lib/thumb/v7e-m/nofp\libg.a(libc_a-impure.o)
 .debug_aranges
                0x00001148       0x28 D:/STM32Cube/STM32CubeCLT_1.16.0/GNU-tools-for-STM32/bin/../lib/gcc/arm-none-eabi/12.3.1/../../../../arm-none-eabi/lib/thumb/v7e-m/nofp\libg.a(libc_a-signalr.o)
 .debug_aranges
                0x00001170       0x20 D:/STM32Cube/STM32CubeCLT_1.16.0/GNU-tools-for-STM32/bin/../lib/gcc/arm-none-eabi/12.3.1/../../../../arm-none-eabi/lib/thumb/v7e-m/nofp\libg.a(libc_a-errno.o)
 .debug_aranges